Archive member included to satisfy reference by file (symbol)

C:/ST/STM32CubeCLT_1.16.0/GNU-tools-for-STM32/bin/../lib/gcc/arm-none-eabi/12.3.1/../../../../arm-none-eabi/lib/thumb/v7e-m+fp/hard\libc_nano.a(libc_a-exit.o)
                              C:/ST/STM32CubeCLT_1.16.0/GNU-tools-for-STM32/bin/../lib/gcc/arm-none-eabi/12.3.1/../../../../arm-none-eabi/lib/thumb/v7e-m+fp/hard/crt0.o (exit)
C:/ST/STM32CubeCLT_1.16.0/GNU-tools-for-STM32/bin/../lib/gcc/arm-none-eabi/12.3.1/../../../../arm-none-eabi/lib/thumb/v7e-m+fp/hard\libc_nano.a(libc_a-findfp.o)
                              C:/ST/STM32CubeCLT_1.16.0/GNU-tools-for-STM32/bin/../lib/gcc/arm-none-eabi/12.3.1/../../../../arm-none-eabi/lib/thumb/v7e-m+fp/hard\libc_nano.a(libc_a-exit.o) (__stdio_exit_handler)
C:/ST/STM32CubeCLT_1.16.0/GNU-tools-for-STM32/bin/../lib/gcc/arm-none-eabi/12.3.1/../../../../arm-none-eabi/lib/thumb/v7e-m+fp/hard\libc_nano.a(libc_a-fwalk.o)
                              C:/ST/STM32CubeCLT_1.16.0/GNU-tools-for-STM32/bin/../lib/gcc/arm-none-eabi/12.3.1/../../../../arm-none-eabi/lib/thumb/v7e-m+fp/hard\libc_nano.a(libc_a-findfp.o) (_fwalk_sglue)
C:/ST/STM32CubeCLT_1.16.0/GNU-tools-for-STM32/bin/../lib/gcc/arm-none-eabi/12.3.1/../../../../arm-none-eabi/lib/thumb/v7e-m+fp/hard\libc_nano.a(libc_a-stdio.o)
                              C:/ST/STM32CubeCLT_1.16.0/GNU-tools-for-STM32/bin/../lib/gcc/arm-none-eabi/12.3.1/../../../../arm-none-eabi/lib/thumb/v7e-m+fp/hard\libc_nano.a(libc_a-findfp.o) (__sread)
C:/ST/STM32CubeCLT_1.16.0/GNU-tools-for-STM32/bin/../lib/gcc/arm-none-eabi/12.3.1/../../../../arm-none-eabi/lib/thumb/v7e-m+fp/hard\libc_nano.a(libc_a-memset.o)
                              C:/ST/STM32CubeCLT_1.16.0/GNU-tools-for-STM32/bin/../lib/gcc/arm-none-eabi/12.3.1/../../../../arm-none-eabi/lib/thumb/v7e-m+fp/hard/crt0.o (memset)
C:/ST/STM32CubeCLT_1.16.0/GNU-tools-for-STM32/bin/../lib/gcc/arm-none-eabi/12.3.1/../../../../arm-none-eabi/lib/thumb/v7e-m+fp/hard\libc_nano.a(libc_a-closer.o)
                              C:/ST/STM32CubeCLT_1.16.0/GNU-tools-for-STM32/bin/../lib/gcc/arm-none-eabi/12.3.1/../../../../arm-none-eabi/lib/thumb/v7e-m+fp/hard\libc_nano.a(libc_a-stdio.o) (_close_r)
C:/ST/STM32CubeCLT_1.16.0/GNU-tools-for-STM32/bin/../lib/gcc/arm-none-eabi/12.3.1/../../../../arm-none-eabi/lib/thumb/v7e-m+fp/hard\libc_nano.a(libc_a-reent.o)
                              C:/ST/STM32CubeCLT_1.16.0/GNU-tools-for-STM32/bin/../lib/gcc/arm-none-eabi/12.3.1/../../../../arm-none-eabi/lib/thumb/v7e-m+fp/hard\libc_nano.a(libc_a-closer.o) (errno)
C:/ST/STM32CubeCLT_1.16.0/GNU-tools-for-STM32/bin/../lib/gcc/arm-none-eabi/12.3.1/../../../../arm-none-eabi/lib/thumb/v7e-m+fp/hard\libc_nano.a(libc_a-impure.o)
                              C:/ST/STM32CubeCLT_1.16.0/GNU-tools-for-STM32/bin/../lib/gcc/arm-none-eabi/12.3.1/../../../../arm-none-eabi/lib/thumb/v7e-m+fp/hard\libc_nano.a(libc_a-reent.o) (_impure_ptr)
C:/ST/STM32CubeCLT_1.16.0/GNU-tools-for-STM32/bin/../lib/gcc/arm-none-eabi/12.3.1/../../../../arm-none-eabi/lib/thumb/v7e-m+fp/hard\libc_nano.a(libc_a-lseekr.o)
                              C:/ST/STM32CubeCLT_1.16.0/GNU-tools-for-STM32/bin/../lib/gcc/arm-none-eabi/12.3.1/../../../../arm-none-eabi/lib/thumb/v7e-m+fp/hard\libc_nano.a(libc_a-stdio.o) (_lseek_r)
C:/ST/STM32CubeCLT_1.16.0/GNU-tools-for-STM32/bin/../lib/gcc/arm-none-eabi/12.3.1/../../../../arm-none-eabi/lib/thumb/v7e-m+fp/hard\libc_nano.a(libc_a-readr.o)
                              C:/ST/STM32CubeCLT_1.16.0/GNU-tools-for-STM32/bin/../lib/gcc/arm-none-eabi/12.3.1/../../../../arm-none-eabi/lib/thumb/v7e-m+fp/hard\libc_nano.a(libc_a-stdio.o) (_read_r)
C:/ST/STM32CubeCLT_1.16.0/GNU-tools-for-STM32/bin/../lib/gcc/arm-none-eabi/12.3.1/../../../../arm-none-eabi/lib/thumb/v7e-m+fp/hard\libc_nano.a(libc_a-writer.o)
                              C:/ST/STM32CubeCLT_1.16.0/GNU-tools-for-STM32/bin/../lib/gcc/arm-none-eabi/12.3.1/../../../../arm-none-eabi/lib/thumb/v7e-m+fp/hard\libc_nano.a(libc_a-stdio.o) (_write_r)
C:/ST/STM32CubeCLT_1.16.0/GNU-tools-for-STM32/bin/../lib/gcc/arm-none-eabi/12.3.1/../../../../arm-none-eabi/lib/thumb/v7e-m+fp/hard\libc_nano.a(libc_a-init.o)
                              C:/ST/STM32CubeCLT_1.16.0/GNU-tools-for-STM32/bin/../lib/gcc/arm-none-eabi/12.3.1/../../../../arm-none-eabi/lib/thumb/v7e-m+fp/hard/crt0.o (__libc_init_array)
C:/ST/STM32CubeCLT_1.16.0/GNU-tools-for-STM32/bin/../lib/gcc/arm-none-eabi/12.3.1/../../../../arm-none-eabi/lib/thumb/v7e-m+fp/hard\libc_nano.a(libc_a-lock.o)
                              C:/ST/STM32CubeCLT_1.16.0/GNU-tools-for-STM32/bin/../lib/gcc/arm-none-eabi/12.3.1/../../../../arm-none-eabi/lib/thumb/v7e-m+fp/hard\libc_nano.a(libc_a-findfp.o) (__retarget_lock_init_recursive)
C:/ST/STM32CubeCLT_1.16.0/GNU-tools-for-STM32/bin/../lib/gcc/arm-none-eabi/12.3.1/../../../../arm-none-eabi/lib/thumb/v7e-m+fp/hard\libc_nano.a(libc_a-freer.o)
[...]
Memory Configuration

Name             Origin             Length             Attributes
RAM              0x20000000         0x00018000         xrw
RAM2             0x10000000         0x00008000         xrw
FLASH            0x08000000         0x00100000         xr
*default*        0x00000000         0xffffffff

Linker script and memory map

LOAD C:/ST/STM32CubeCLT_1.16.0/GNU-tools-for-STM32/bin/../lib/gcc/arm-none-eabi/12.3.1/thumb/v7e-m+fp/hard/crti.o
LOAD C:/ST/STM32CubeCLT_1.16.0/GNU-tools-for-STM32/bin/../lib/gcc/arm-none-eabi/12.3.1/thumb/v7e-m+fp/hard/crtbegin.o
LOAD C:/ST/STM32CubeCLT_1.16.0/GNU-tools-for-STM32/bin/../lib/gcc/arm-none-eabi/12.3.1/../../../../arm-none-eabi/lib/thumb/v7e-m+fp/hard/crt0.o
START GROUP
LOAD C:/ST/STM32CubeCLT_1.16.0/GNU-tools-for-STM32/bin/../lib/gcc/arm-none-eabi/12.3.1/../../../../arm-none-eabi/lib/thumb/v7e-m+fp/hard\libc_nano.a
LOAD C:/ST/STM32CubeCLT_1.16.0/GNU-tools-for-STM32/bin/../lib/gcc/arm-none-eabi/12.3.1/../../../../arm-none-eabi/lib/thumb/v7e-m+fp/hard\libm.a
END GROUP
LOAD CMakeFiles/ESTUFA_FINAMENTO.dir/Core/Src/main.c.obj
LOAD CMakeFiles/ESTUFA_FINAMENTO.dir/Core/Src/gpio.c.obj
LOAD CMakeFiles/ESTUFA_FINAMENTO.dir/Core/Src/crc.c.obj
LOAD CMakeFiles/ESTUFA_FINAMENTO.dir/Core/Src/i2c.c.obj
LOAD CMakeFiles/ESTUFA_FINAMENTO.dir/Core/Src/rtc.c.obj
LOAD CMakeFiles/ESTUFA_FINAMENTO.dir/Core/Src/tim.c.obj
LOAD CMakeFiles/ESTUFA_FINAMENTO.dir/Core/DHT/Src/DHT.c.obj
LOAD CMakeFiles/ESTUFA_FINAMENTO.dir/Core/Menu/Src/menu.c.obj
LOAD CMakeFiles/ESTUFA_FINAMENTO.dir/Core/Ssd1306/Src/fonts.c.obj
LOAD CMakeFiles/ESTUFA_FINAMENTO.dir/Core/Ssd1306/Src/ssd1306.c.obj
LOAD CMakeFiles/ESTUFA_FINAMENTO.dir/Core/Utilitis/Src/arm_pid_init_f32.c.obj
LOAD CMakeFiles/ESTUFA_FINAMENTO.dir/Core/Utilitis/Src/delays.c.obj
LOAD CMakeFiles/ESTUFA_FINAMENTO.dir/Core/Utilitis/Src/temperatura.c.obj
LOAD CMakeFiles/ESTUFA_FINAMENTO.dir/Core/Src/stm32l4xx_it.c.obj
LOAD CMakeFiles/ESTUFA_FINAMENTO.dir/Core/Src/stm32l4xx_hal_msp.c.obj
LOAD CMakeFiles/ESTUFA_FINAMENTO.dir/Drivers/STM32L4xx_HAL_Driver/Src/stm32l4xx_hal_crc.c.obj
LOAD CMakeFiles/ESTUFA_FINAMENTO.dir/Drivers/STM32L4xx_HAL_Driver/Src/stm32l4xx_hal_crc_ex.c.obj
LOAD CMakeFiles/ESTUFA_FINAMENTO.dir/Drivers/STM32L4xx_HAL_Driver/Src/stm32l4xx_hal.c.obj
LOAD CMakeFiles/ESTUFA_FINAMENTO.dir/Drivers/STM32L4xx_HAL_Driver/Src/stm32l4xx_hal_rcc.c.obj
LOAD CMakeFiles/ESTUFA_FINAMENTO.dir/Drivers/STM32L4xx_HAL_Driver/Src/stm32l4xx_hal_rcc_ex.c.obj
LOAD CMakeFiles/ESTUFA_FINAMENTO.dir/Drivers/STM32L4xx_HAL_Driver/Src/stm32l4xx_hal_flash.c.obj
LOAD CMakeFiles/ESTUFA_FINAMENTO.dir/Drivers/STM32L4xx_HAL_Driver/Src/stm32l4xx_hal_flash_ex.c.obj
LOAD CMakeFiles/ESTUFA_FINAMENTO.dir/Drivers/STM32L4xx_HAL_Driver/Src/stm32l4xx_hal_flash_ramfunc.c.obj
LOAD CMakeFiles/ESTUFA_FINAMENTO.dir/Drivers/STM32L4xx_HAL_Driver/Src/stm32l4xx_hal_gpio.c.obj
LOAD CMakeFiles/ESTUFA_FINAMENTO.dir/Drivers/STM32L4xx_HAL_Driver/Src/stm32l4xx_hal_i2c.c.obj
LOAD CMakeFiles/ESTUFA_FINAMENTO.dir/Drivers/STM32L4xx_HAL_Driver/Src/stm32l4xx_hal_i2c_ex.c.obj
LOAD CMakeFiles/ESTUFA_FINAMENTO.dir/Drivers/STM32L4xx_HAL_Driver/Src/stm32l4xx_hal_dma.c.obj
LOAD CMakeFiles/ESTUFA_FINAMENTO.dir/Drivers/STM32L4xx_HAL_Driver/Src/stm32l4xx_hal_dma_ex.c.obj
LOAD CMakeFiles/ESTUFA_FINAMENTO.dir/Drivers/STM32L4xx_HAL_Driver/Src/stm32l4xx_hal_pwr.c.obj
LOAD CMakeFiles/ESTUFA_FINAMENTO.dir/Drivers/STM32L4xx_HAL_Driver/Src/stm32l4xx_hal_pwr_ex.c.obj
LOAD CMakeFiles/ESTUFA_FINAMENTO.dir/Drivers/STM32L4xx_HAL_Driver/Src/stm32l4xx_hal_cortex.c.obj
LOAD CMakeFiles/ESTUFA_FINAMENTO.dir/Drivers/STM32L4xx_HAL_Driver/Src/stm32l4xx_hal_exti.c.obj
LOAD CMakeFiles/ESTUFA_FINAMENTO.dir/Drivers/STM32L4xx_HAL_Driver/Src/stm32l4xx_hal_rtc.c.obj
LOAD CMakeFiles/ESTUFA_FINAMENTO.dir/Drivers/STM32L4xx_HAL_Driver/Src/stm32l4xx_hal_rtc_ex.c.obj
LOAD CMakeFiles/ESTUFA_FINAMENTO.dir/Drivers/STM32L4xx_HAL_Driver/Src/stm32l4xx_hal_tim.c.obj
LOAD CMakeFiles/ESTUFA_FINAMENTO.dir/Drivers/STM32L4xx_HAL_Driver/Src/stm32l4xx_hal_tim_ex.c.obj
LOAD CMakeFiles/ESTUFA_FINAMENTO.dir/Core/Src/system_stm32l4xx.c.obj
LOAD CMakeFiles/ESTUFA_FINAMENTO.dir/Core/Src/sysmem.c.obj
LOAD CMakeFiles/ESTUFA_FINAMENTO.dir/Core/Src/syscalls.c.obj
LOAD CMakeFiles/ESTUFA_FINAMENTO.dir/startup_stm32l486xx.s.obj
START GROUP
LOAD C:/ST/STM32CubeCLT_1.16.0/GNU-tools-for-STM32/bin/../lib/gcc/arm-none-eabi/12.3.1/thumb/v7e-m+fp/hard\libgcc.a
LOAD C:/ST/STM32CubeCLT_1.16.0/GNU-tools-for-STM32/bin/../lib/gcc/arm-none-eabi/12.3.1/../../../../arm-none-eabi/lib/thumb/v7e-m+fp/hard\libg_nano.a
LOAD C:/ST/STM32CubeCLT_1.16.0/GNU-tools-for-STM32/bin/../lib/gcc/arm-none-eabi/12.3.1/../../../../arm-none-eabi/lib/thumb/v7e-m+fp/hard\libc_nano.a
END GROUP
START GROUP
LOAD C:/ST/STM32CubeCLT_1.16.0/GNU-tools-for-STM32/bin/../lib/gcc/arm-none-eabi/12.3.1/thumb/v7e-m+fp/hard\libgcc.a
LOAD C:/ST/STM32CubeCLT_1.16.0/GNU-tools-for-STM32/bin/../lib/gcc/arm-none-eabi/12.3.1/../../../../arm-none-eabi/lib/thumb/v7e-m+fp/hard\libc_nano.a
END GROUP
LOAD C:/ST/STM32CubeCLT_1.16.0/GNU-tools-for-STM32/bin/../lib/gcc/arm-none-eabi/12.3.1/thumb/v7e-m+fp/hard/crtend.o
LOAD C:/ST/STM32CubeCLT_1.16.0/GNU-tools-for-STM32/bin/../lib/gcc/arm-none-eabi/12.3.1/thumb/v7e-m+fp/hard/crtn.o
                0x20018000                        _estack = (ORIGIN (RAM) + LENGTH (RAM))
                0x00000800                        _Min_Heap_Size = 0x800
                0x00001600                        _Min_Stack_Size = 0x1600

.isr_vector     0x08000000      0x188
                0x08000000                        . = ALIGN (0x4)
 *(.isr_vector)
 .isr_vector    0x08000000      0x188 CMakeFiles/ESTUFA_FINAMENTO.dir/startup_stm32l486xx.s.obj
                0x08000000                g_pfnVectors
                0x08000188                        . = ALIGN (0x4)

.text           0x08000190     0x7740
                0x08000190                        . = ALIGN (0x4)
 *(.text)
 .text          0x08000190       0x40 C:/ST/STM32CubeCLT_1.16.0/GNU-tools-for-STM32/bin/../lib/gcc/arm-none-eabi/12.3.1/thumb/v7e-m+fp/hard/crtbegin.o
 .text          0x080001d0      0x378 C:/ST/STM32CubeCLT_1.16.0/GNU-tools-for-STM32/bin/../lib/gcc/arm-none-eabi/12.3.1/thumb/v7e-m+fp/hard\libgcc.a(_arm_addsubdf3.o)
                0x080001d0                __aeabi_drsub
                0x080001d8                __aeabi_dsub
                0x080001d8                __subdf3
                0x080001dc                __aeabi_dadd
                0x080001dc                __adddf3
                0x08000454                __floatunsidf
                0x08000454                __aeabi_ui2d
                0x08000474                __floatsidf
                0x08000474                __aeabi_i2d
                0x08000498                __aeabi_f2d
                0x08000498                __extendsfdf2
                0x080004dc                __floatundidf
                0x080004dc                __aeabi_ul2d
                0x080004ec                __floatdidf
                0x080004ec                __aeabi_l2d
 .text          0x08000548      0x424 C:/ST/STM32CubeCLT_1.16.0/GNU-tools-for-STM32/bin/../lib/gcc/arm-none-eabi/12.3.1/thumb/v7e-m+fp/hard\libgcc.a(_arm_muldivdf3.o)
                0x08000548                __aeabi_dmul
                0x08000548                __muldf3
                0x0800079c                __divdf3
                0x0800079c                __aeabi_ddiv
 .text          0x0800096c      0x110 C:/ST/STM32CubeCLT_1.16.0/GNU-tools-for-STM32/bin/../lib/gcc/arm-none-eabi/12.3.1/thumb/v7e-m+fp/hard\libgcc.a(_arm_cmpdf2.o)
                0x0800096c                __gtdf2
                0x0800096c                __gedf2
                0x08000974                __ltdf2
                0x08000974                __ledf2
                0x0800097c                __nedf2
                0x0800097c                __eqdf2
                0x0800097c                __cmpdf2
                0x080009f8                __aeabi_cdrcmple
                0x08000a08                __aeabi_cdcmpeq
                0x08000a08                __aeabi_cdcmple
                0x08000a18                __aeabi_dcmpeq
                0x08000a2c                __aeabi_dcmplt
                0x08000a40                __aeabi_dcmple
                0x08000a54                __aeabi_dcmpge
                0x08000a68                __aeabi_dcmpgt
 .text          0x08000a7c       0x40 C:/ST/STM32CubeCLT_1.16.0/GNU-tools-for-STM32/bin/../lib/gcc/arm-none-eabi/12.3.1/thumb/v7e-m+fp/hard\libgcc.a(_arm_fixunsdfsi.o)
                0x08000a7c                __aeabi_d2uiz
                0x08000a7c                __fixunsdfsi
 *fill*         0x08000abc        0x4 
 .text          0x08000ac0       0xa0 C:/ST/STM32CubeCLT_1.16.0/GNU-tools-for-STM32/bin/../lib/gcc/arm-none-eabi/12.3.1/../../../../arm-none-eabi/lib/thumb/v7e-m+fp/hard\libg_nano.a(libc_a-memchr.o)
                0x08000ac0                memchr
 *(.text*)
 .text.memset   0x08000b60       0x10 C:/ST/STM32CubeCLT_1.16.0/GNU-tools-for-STM32/bin/../lib/gcc/arm-none-eabi/12.3.1/../../../../arm-none-eabi/lib/thumb/v7e-m+fp/hard\libc_nano.a(libc_a-memset.o)
                0x08000b60                memset
 .text.__libc_init_array
                0x08000b70       0x48 C:/ST/STM32CubeCLT_1.16.0/GNU-tools-for-STM32/bin/../lib/gcc/arm-none-eabi/12.3.1/../../../../arm-none-eabi/lib/thumb/v7e-m+fp/hard\libc_nano.a(libc_a-init.o)
                0x08000b70                __libc_init_array
 .text.__retarget_lock_acquire_recursive
                0x08000bb8        0x2 C:/ST/STM32CubeCLT_1.16.0/GNU-tools-for-STM32/bin/../lib/gcc/arm-none-eabi/12.3.1/../../../../arm-none-eabi/lib/thumb/v7e-m+fp/hard\libc_nano.a(libc_a-lock.o)
                0x08000bb8                __retarget_lock_acquire_recursive
 .text.__retarget_lock_release_recursive
                0x08000bba        0x2 C:/ST/STM32CubeCLT_1.16.0/GNU-tools-for-STM32/bin/../lib/gcc/arm-none-eabi/12.3.1/../../../../arm-none-eabi/lib/thumb/v7e-m+fp/hard\libc_nano.a(libc_a-lock.o)
                0x08000bba                __retarget_lock_release_recursive
 .text._free_r  0x08000bbc       0x94 C:/ST/STM32CubeCLT_1.16.0/GNU-tools-for-STM32/bin/../lib/gcc/arm-none-eabi/12.3.1/../../../../arm-none-eabi/lib/thumb/v7e-m+fp/hard\libc_nano.a(libc_a-freer.o)
                0x08000bbc                _free_r
 .text.sbrk_aligned
                0x08000c50       0x44 C:/ST/STM32CubeCLT_1.16.0/GNU-tools-for-STM32/bin/../lib/gcc/arm-none-eabi/12.3.1/../../../../arm-none-eabi/lib/thumb/v7e-m+fp/hard\libc_nano.a(libc_a-mallocr.o)
 .text._malloc_r
                0x08000c94      0x100 C:/ST/STM32CubeCLT_1.16.0/GNU-tools-for-STM32/bin/../lib/gcc/arm-none-eabi/12.3.1/../../../../arm-none-eabi/lib/thumb/v7e-m+fp/hard\libc_nano.a(libc_a-mallocr.o)
                0x08000c94                _malloc_r
 .text.__malloc_lock
                0x08000d94        0xc C:/ST/STM32CubeCLT_1.16.0/GNU-tools-for-STM32/bin/../lib/gcc/arm-none-eabi/12.3.1/../../../../arm-none-eabi/lib/thumb/v7e-m+fp/hard\libc_nano.a(libc_a-mlock.o)
                0x08000d94                __malloc_lock
 .text.__malloc_unlock
                0x08000da0        0xc C:/ST/STM32CubeCLT_1.16.0/GNU-tools-for-STM32/bin/../lib/gcc/arm-none-eabi/12.3.1/../../../../arm-none-eabi/lib/thumb/v7e-m+fp/hard\libc_nano.a(libc_a-mlock.o)
                0x08000da0                __malloc_unlock
 .text._sbrk_r  0x08000dac       0x20 C:/ST/STM32CubeCLT_1.16.0/GNU-tools-for-STM32/bin/../lib/gcc/arm-none-eabi/12.3.1/../../../../arm-none-eabi/lib/thumb/v7e-m+fp/hard\libc_nano.a(libc_a-sbrkr.o)
                0x08000dac                _sbrk_r
 .text.main     0x08000dcc      0x41c CMakeFiles/ESTUFA_FINAMENTO.dir/Core/Src/main.c.obj
                0x08000dcc                main
 .text.SystemClock_Config
                0x080011e8       0xa8 CMakeFiles/ESTUFA_FINAMENTO.dir/Core/Src/main.c.obj
                0x080011e8                SystemClock_Config
 .text.Error_Handler
                0x08001290        0xe CMakeFiles/ESTUFA_FINAMENTO.dir/Core/Src/main.c.obj
                0x08001290                Error_Handler
 *fill*         0x0800129e        0x2 
 .text.MX_GPIO_Init
                0x080012a0       0xc4 CMakeFiles/ESTUFA_FINAMENTO.dir/Core/Src/gpio.c.obj
                0x080012a0                MX_GPIO_Init
 .text.MX_CRC_Init
                0x08001364       0x44 CMakeFiles/ESTUFA_FINAMENTO.dir/Core/Src/crc.c.obj
                0x08001364                MX_CRC_Init
 .text.HAL_CRC_MspInit
                0x080013a8       0x40 CMakeFiles/ESTUFA_FINAMENTO.dir/Core/Src/crc.c.obj
                0x080013a8                HAL_CRC_MspInit
 .text.MX_I2C2_Init
                0x080013e8       0x80 CMakeFiles/ESTUFA_FINAMENTO.dir/Core/Src/i2c.c.obj
                0x080013e8                MX_I2C2_Init
 .text.HAL_I2C_MspInit
                0x08001468       0xbc CMakeFiles/ESTUFA_FINAMENTO.dir/Core/Src/i2c.c.obj
                0x08001468                HAL_I2C_MspInit
 .text.MX_RTC_Init
                0x08001524      0x120 CMakeFiles/ESTUFA_FINAMENTO.dir/Core/Src/rtc.c.obj
                0x08001524                MX_RTC_Init
 .text.HAL_RTC_MspInit
                0x08001644       0x64 CMakeFiles/ESTUFA_FINAMENTO.dir/Core/Src/rtc.c.obj
                0x08001644                HAL_RTC_MspInit
 .text.MX_TIM2_Init
                0x080016a8      0x15c CMakeFiles/ESTUFA_FINAMENTO.dir/Core/Src/tim.c.obj
                0x080016a8                MX_TIM2_Init
 .text.MX_TIM3_Init
                0x08001804       0xac CMakeFiles/ESTUFA_FINAMENTO.dir/Core/Src/tim.c.obj
                0x08001804                MX_TIM3_Init
 .text.MX_TIM17_Init
                0x080018b0       0x4c CMakeFiles/ESTUFA_FINAMENTO.dir/Core/Src/tim.c.obj
                0x080018b0                MX_TIM17_Init
 .text.HAL_TIM_Base_MspInit
                0x080018fc       0x64 CMakeFiles/ESTUFA_FINAMENTO.dir/Core/Src/tim.c.obj
                0x080018fc                HAL_TIM_Base_MspInit
 .text.HAL_TIM_Encoder_MspInit
                0x08001960       0x84 CMakeFiles/ESTUFA_FINAMENTO.dir/Core/Src/tim.c.obj
                0x08001960                HAL_TIM_Encoder_MspInit
 .text.HAL_TIM_MspPostInit
                0x080019e4       0x68 CMakeFiles/ESTUFA_FINAMENTO.dir/Core/Src/tim.c.obj
                0x080019e4                HAL_TIM_MspPostInit
 .text.Set_Pin_Output
                0x08001a4c       0x3c CMakeFiles/ESTUFA_FINAMENTO.dir/Core/DHT/Src/DHT.c.obj
                0x08001a4c                Set_Pin_Output
 .text.Set_Pin_Input
                0x08001a88       0x3c CMakeFiles/ESTUFA_FINAMENTO.dir/Core/DHT/Src/DHT.c.obj
                0x08001a88                Set_Pin_Input
 .text.DHT22_Start
                0x08001ac4       0xc4 CMakeFiles/ESTUFA_FINAMENTO.dir/Core/DHT/Src/DHT.c.obj
                0x08001ac4                DHT22_Start
 .text.DHT22_Read
                0x08001b88       0xf4 CMakeFiles/ESTUFA_FINAMENTO.dir/Core/DHT/Src/DHT.c.obj
                0x08001b88                DHT22_Read
 .text.DHT_GetData
                0x08001c7c      0x108 CMakeFiles/ESTUFA_FINAMENTO.dir/Core/DHT/Src/DHT.c.obj
                0x08001c7c                DHT_GetData
 .text.set_material
                0x08001d84        0xe CMakeFiles/ESTUFA_FINAMENTO.dir/Core/Menu/Src/menu.c.obj
                0x08001d84                set_material
 *fill*         0x08001d92        0x2 
 .text.HAL_GPIO_EXTI_Callback
                0x08001d94       0x28 CMakeFiles/ESTUFA_FINAMENTO.dir/Core/Menu/Src/menu.c.obj
                0x08001d94                HAL_GPIO_EXTI_Callback
 .text.key_press
                0x08001dbc       0x38 CMakeFiles/ESTUFA_FINAMENTO.dir/Core/Menu/Src/menu.c.obj
                0x08001dbc                key_press
 .text.get_menu
                0x08001df4       0xb8 CMakeFiles/ESTUFA_FINAMENTO.dir/Core/Menu/Src/menu.c.obj
                0x08001df4                get_menu
 .text.menu     0x08001eac       0xf8 CMakeFiles/ESTUFA_FINAMENTO.dir/Core/Menu/Src/menu.c.obj
                0x08001eac                menu
 .text.ssd1306_Reset
                0x08001fa4       0x40 CMakeFiles/ESTUFA_FINAMENTO.dir/Core/Ssd1306/Src/ssd1306.c.obj
                0x08001fa4                ssd1306_Reset
 .text.SSD1306_Init
                0x08001fe4      0x150 CMakeFiles/ESTUFA_FINAMENTO.dir/Core/Ssd1306/Src/ssd1306.c.obj
                0x08001fe4                SSD1306_Init
 .text.SSD1306_UpdateScreen
                0x08002134       0x5c CMakeFiles/ESTUFA_FINAMENTO.dir/Core/Ssd1306/Src/ssd1306.c.obj
                0x08002134                SSD1306_UpdateScreen
 .text.SSD1306_Fill
                0x08002190       0x30 CMakeFiles/ESTUFA_FINAMENTO.dir/Core/Ssd1306/Src/ssd1306.c.obj
                0x08002190                SSD1306_Fill
 .text.SSD1306_DrawPixel
                0x080021c0       0xc0 CMakeFiles/ESTUFA_FINAMENTO.dir/Core/Ssd1306/Src/ssd1306.c.obj
                0x080021c0                SSD1306_DrawPixel
 .text.SSD1306_GotoXY
                0x08002280       0x2c CMakeFiles/ESTUFA_FINAMENTO.dir/Core/Ssd1306/Src/ssd1306.c.obj
                0x08002280                SSD1306_GotoXY
 .text.SSD1306_Putc
                0x080022ac       0xfc CMakeFiles/ESTUFA_FINAMENTO.dir/Core/Ssd1306/Src/ssd1306.c.obj
                0x080022ac                SSD1306_Putc
 .text.SSD1306_Puts
                0x080023a8       0x4a CMakeFiles/ESTUFA_FINAMENTO.dir/Core/Ssd1306/Src/ssd1306.c.obj
                0x080023a8                SSD1306_Puts
 .text.SSD1306_Clear
                0x080023f2       0x12 CMakeFiles/ESTUFA_FINAMENTO.dir/Core/Ssd1306/Src/ssd1306.c.obj
                0x080023f2                SSD1306_Clear
 .text.ssd1306_I2C_Init
                0x08002404       0x2c CMakeFiles/ESTUFA_FINAMENTO.dir/Core/Ssd1306/Src/ssd1306.c.obj
                0x08002404                ssd1306_I2C_Init
 .text.ssd1306_I2C_WriteMulti
                0x08002430       0xcc CMakeFiles/ESTUFA_FINAMENTO.dir/Core/Ssd1306/Src/ssd1306.c.obj
                0x08002430                ssd1306_I2C_WriteMulti
 .text.ssd1306_I2C_Write
                0x080024fc       0x3c CMakeFiles/ESTUFA_FINAMENTO.dir/Core/Ssd1306/Src/ssd1306.c.obj
                0x080024fc                ssd1306_I2C_Write
 .text.arm_pid_init_f32
                0x08002538       0x6c CMakeFiles/ESTUFA_FINAMENTO.dir/Core/Utilitis/Src/arm_pid_init_f32.c.obj
                0x08002538                arm_pid_init_f32
 .text.HAL_SYSTICK_Callback
                0x080025a4      0x130 CMakeFiles/ESTUFA_FINAMENTO.dir/Core/Utilitis/Src/delays.c.obj
                0x080025a4                HAL_SYSTICK_Callback
 .text.DelayUs  0x080026d4       0x34 CMakeFiles/ESTUFA_FINAMENTO.dir/Core/Utilitis/Src/delays.c.obj
                0x080026d4                DelayUs
 .text.DelayMs  0x08002708       0x48 CMakeFiles/ESTUFA_FINAMENTO.dir/Core/Utilitis/Src/delays.c.obj
                0x08002708                DelayMs
 .text.Temperatura_Init
                0x08002750       0x34 CMakeFiles/ESTUFA_FINAMENTO.dir/Core/Utilitis/Src/temperatura.c.obj
                0x08002750                Temperatura_Init
 *fill*         0x08002784        0x4 
 .text.Temperatura
                0x08002788      0x214 CMakeFiles/ESTUFA_FINAMENTO.dir/Core/Utilitis/Src/temperatura.c.obj
                0x08002788                Temperatura
 .text.NMI_Handler
                0x0800299c        0xe CMakeFiles/ESTUFA_FINAMENTO.dir/Core/Src/stm32l4xx_it.c.obj
                0x0800299c                NMI_Handler
 .text.HardFault_Handler
                0x080029aa        0x8 CMakeFiles/ESTUFA_FINAMENTO.dir/Core/Src/stm32l4xx_it.c.obj
                0x080029aa                HardFault_Handler
 .text.MemManage_Handler
                0x080029b2        0x8 CMakeFiles/ESTUFA_FINAMENTO.dir/Core/Src/stm32l4xx_it.c.obj
                0x080029b2                MemManage_Handler
 .text.BusFault_Handler
                0x080029ba        0x8 CMakeFiles/ESTUFA_FINAMENTO.dir/Core/Src/stm32l4xx_it.c.obj
                0x080029ba                BusFault_Handler
 .text.UsageFault_Handler
                0x080029c2        0x8 CMakeFiles/ESTUFA_FINAMENTO.dir/Core/Src/stm32l4xx_it.c.obj
                0x080029c2                UsageFault_Handler
 .text.SVC_Handler
                0x080029ca        0xe CMakeFiles/ESTUFA_FINAMENTO.dir/Core/Src/stm32l4xx_it.c.obj
                0x080029ca                SVC_Handler
 .text.DebugMon_Handler
                0x080029d8        0xe CMakeFiles/ESTUFA_FINAMENTO.dir/Core/Src/stm32l4xx_it.c.obj
                0x080029d8                DebugMon_Handler
 .text.PendSV_Handler
                0x080029e6        0xe CMakeFiles/ESTUFA_FINAMENTO.dir/Core/Src/stm32l4xx_it.c.obj
                0x080029e6                PendSV_Handler
 .text.SysTick_Handler
                0x080029f4       0x10 CMakeFiles/ESTUFA_FINAMENTO.dir/Core/Src/stm32l4xx_it.c.obj
                0x080029f4                SysTick_Handler
 .text.EXTI4_IRQHandler
                0x08002a04        0xe CMakeFiles/ESTUFA_FINAMENTO.dir/Core/Src/stm32l4xx_it.c.obj
                0x08002a04                EXTI4_IRQHandler
 *fill*         0x08002a12        0x2 
 .text.HAL_MspInit
                0x08002a14       0x48 CMakeFiles/ESTUFA_FINAMENTO.dir/Core/Src/stm32l4xx_hal_msp.c.obj
                0x08002a14                HAL_MspInit
 .text.HAL_CRC_Init
                0x08002a5c       0xc8 CMakeFiles/ESTUFA_FINAMENTO.dir/Drivers/STM32L4xx_HAL_Driver/Src/stm32l4xx_hal_crc.c.obj
                0x08002a5c                HAL_CRC_Init
 .text.HAL_CRCEx_Polynomial_Set
                0x08002b24      0x11c CMakeFiles/ESTUFA_FINAMENTO.dir/Drivers/STM32L4xx_HAL_Driver/Src/stm32l4xx_hal_crc_ex.c.obj
                0x08002b24                HAL_CRCEx_Polynomial_Set
 .text.HAL_Init
                0x08002c40       0x30 CMakeFiles/ESTUFA_FINAMENTO.dir/Drivers/STM32L4xx_HAL_Driver/Src/stm32l4xx_hal.c.obj
                0x08002c40                HAL_Init
 .text.HAL_InitTick
                0x08002c70       0x78 CMakeFiles/ESTUFA_FINAMENTO.dir/Drivers/STM32L4xx_HAL_Driver/Src/stm32l4xx_hal.c.obj
                0x08002c70                HAL_InitTick
 .text.HAL_IncTick
                0x08002ce8       0x28 CMakeFiles/ESTUFA_FINAMENTO.dir/Drivers/STM32L4xx_HAL_Driver/Src/stm32l4xx_hal.c.obj
                0x08002ce8                HAL_IncTick
 .text.HAL_GetTick
                0x08002d10       0x18 CMakeFiles/ESTUFA_FINAMENTO.dir/Drivers/STM32L4xx_HAL_Driver/Src/stm32l4xx_hal.c.obj
                0x08002d10                HAL_GetTick
 .text.HAL_Delay
                0x08002d28       0x48 CMakeFiles/ESTUFA_FINAMENTO.dir/Drivers/STM32L4xx_HAL_Driver/Src/stm32l4xx_hal.c.obj
                0x08002d28                HAL_Delay
 .text.HAL_RCC_OscConfig
                0x08002d70      0x7b8 CMakeFiles/ESTUFA_FINAMENTO.dir/Drivers/STM32L4xx_HAL_Driver/Src/stm32l4xx_hal_rcc.c.obj
                0x08002d70                HAL_RCC_OscConfig
 .text.HAL_RCC_ClockConfig
                0x08003528      0x200 CMakeFiles/ESTUFA_FINAMENTO.dir/Drivers/STM32L4xx_HAL_Driver/Src/stm32l4xx_hal_rcc.c.obj
                0x08003528                HAL_RCC_ClockConfig
 .text.HAL_RCC_GetSysClockFreq
                0x08003728      0x118 CMakeFiles/ESTUFA_FINAMENTO.dir/Drivers/STM32L4xx_HAL_Driver/Src/stm32l4xx_hal_rcc.c.obj
                0x08003728                HAL_RCC_GetSysClockFreq
 .text.RCC_SetFlashLatencyFromMSIRange
                0x08003840       0xc0 CMakeFiles/ESTUFA_FINAMENTO.dir/Drivers/STM32L4xx_HAL_Driver/Src/stm32l4xx_hal_rcc.c.obj
 .text.HAL_RCCEx_PeriphCLKConfig
                0x08003900      0x5d4 CMakeFiles/ESTUFA_FINAMENTO.dir/Drivers/STM32L4xx_HAL_Driver/Src/stm32l4xx_hal_rcc_ex.c.obj
                0x08003900                HAL_RCCEx_PeriphCLKConfig
 .text.RCCEx_PLLSAI1_Config
                0x08003ed4      0x1e8 CMakeFiles/ESTUFA_FINAMENTO.dir/Drivers/STM32L4xx_HAL_Driver/Src/stm32l4xx_hal_rcc_ex.c.obj
 .text.RCCEx_PLLSAI2_Config
                0x080040bc      0x1bc CMakeFiles/ESTUFA_FINAMENTO.dir/Drivers/STM32L4xx_HAL_Driver/Src/stm32l4xx_hal_rcc_ex.c.obj
 .text.HAL_GPIO_Init
                0x08004278      0x354 CMakeFiles/ESTUFA_FINAMENTO.dir/Drivers/STM32L4xx_HAL_Driver/Src/stm32l4xx_hal_gpio.c.obj
                0x08004278                HAL_GPIO_Init
 .text.HAL_GPIO_ReadPin
                0x080045cc       0x30 CMakeFiles/ESTUFA_FINAMENTO.dir/Drivers/STM32L4xx_HAL_Driver/Src/stm32l4xx_hal_gpio.c.obj
                0x080045cc                HAL_GPIO_ReadPin
 .text.HAL_GPIO_WritePin
                0x080045fc       0x30 CMakeFiles/ESTUFA_FINAMENTO.dir/Drivers/STM32L4xx_HAL_Driver/Src/stm32l4xx_hal_gpio.c.obj
                0x080045fc                HAL_GPIO_WritePin
 .text.HAL_GPIO_EXTI_IRQHandler
                0x0800462c       0x30 CMakeFiles/ESTUFA_FINAMENTO.dir/Drivers/STM32L4xx_HAL_Driver/Src/stm32l4xx_hal_gpio.c.obj
                0x0800462c                HAL_GPIO_EXTI_IRQHandler
 .text.HAL_I2C_Init
                0x0800465c      0x136 CMakeFiles/ESTUFA_FINAMENTO.dir/Drivers/STM32L4xx_HAL_Driver/Src/stm32l4xx_hal_i2c.c.obj
                0x0800465c                HAL_I2C_Init
 *fill*         0x08004792        0x2 
 .text.HAL_I2C_Master_Transmit
                0x08004794      0x230 CMakeFiles/ESTUFA_FINAMENTO.dir/Drivers/STM32L4xx_HAL_Driver/Src/stm32l4xx_hal_i2c.c.obj
                0x08004794                HAL_I2C_Master_Transmit
 .text.HAL_I2C_IsDeviceReady
                0x080049c4      0x1d8 CMakeFiles/ESTUFA_FINAMENTO.dir/Drivers/STM32L4xx_HAL_Driver/Src/stm32l4xx_hal_i2c.c.obj
                0x080049c4                HAL_I2C_IsDeviceReady
 .text.I2C_Flush_TXDR
                0x08004b9c       0x48 CMakeFiles/ESTUFA_FINAMENTO.dir/Drivers/STM32L4xx_HAL_Driver/Src/stm32l4xx_hal_i2c.c.obj
 .text.I2C_WaitOnFlagUntilTimeout
                0x08004be4       0xb2 CMakeFiles/ESTUFA_FINAMENTO.dir/Drivers/STM32L4xx_HAL_Driver/Src/stm32l4xx_hal_i2c.c.obj
 .text.I2C_WaitOnTXISFlagUntilTimeout
                0x08004c96       0x8e CMakeFiles/ESTUFA_FINAMENTO.dir/Drivers/STM32L4xx_HAL_Driver/Src/stm32l4xx_hal_i2c.c.obj
 .text.I2C_WaitOnSTOPFlagUntilTimeout
                0x08004d24       0x86 CMakeFiles/ESTUFA_FINAMENTO.dir/Drivers/STM32L4xx_HAL_Driver/Src/stm32l4xx_hal_i2c.c.obj
 *fill*         0x08004daa        0x2 
 .text.I2C_IsErrorOccurred
                0x08004dac      0x1c0 CMakeFiles/ESTUFA_FINAMENTO.dir/Drivers/STM32L4xx_HAL_Driver/Src/stm32l4xx_hal_i2c.c.obj
 .text.I2C_TransferConfig
                0x08004f6c       0x64 CMakeFiles/ESTUFA_FINAMENTO.dir/Drivers/STM32L4xx_HAL_Driver/Src/stm32l4xx_hal_i2c.c.obj
 .text.HAL_I2CEx_ConfigAnalogFilter
                0x08004fd0       0x96 CMakeFiles/ESTUFA_FINAMENTO.dir/Drivers/STM32L4xx_HAL_Driver/Src/stm32l4xx_hal_i2c_ex.c.obj
                0x08004fd0                HAL_I2CEx_ConfigAnalogFilter
 .text.HAL_I2CEx_ConfigDigitalFilter
                0x08005066       0x98 CMakeFiles/ESTUFA_FINAMENTO.dir/Drivers/STM32L4xx_HAL_Driver/Src/stm32l4xx_hal_i2c_ex.c.obj
                0x08005066                HAL_I2CEx_ConfigDigitalFilter
 *fill*         0x080050fe        0x2 
 .text.HAL_PWREx_GetVoltageRange
                0x08005100       0x1c CMakeFiles/ESTUFA_FINAMENTO.dir/Drivers/STM32L4xx_HAL_Driver/Src/stm32l4xx_hal_pwr_ex.c.obj
                0x08005100                HAL_PWREx_GetVoltageRange
 .text.HAL_PWREx_ControlVoltageScaling
                0x0800511c       0xac CMakeFiles/ESTUFA_FINAMENTO.dir/Drivers/STM32L4xx_HAL_Driver/Src/stm32l4xx_hal_pwr_ex.c.obj
                0x0800511c                HAL_PWREx_ControlVoltageScaling
 .text.__NVIC_SetPriorityGrouping
                0x080051c8       0x48 CMakeFiles/ESTUFA_FINAMENTO.dir/Drivers/STM32L4xx_HAL_Driver/Src/stm32l4xx_hal_cortex.c.obj
 .text.__NVIC_GetPriorityGrouping
                0x08005210       0x1c CMakeFiles/ESTUFA_FINAMENTO.dir/Drivers/STM32L4xx_HAL_Driver/Src/stm32l4xx_hal_cortex.c.obj
 .text.__NVIC_EnableIRQ
                0x0800522c       0x3c CMakeFiles/ESTUFA_FINAMENTO.dir/Drivers/STM32L4xx_HAL_Driver/Src/stm32l4xx_hal_cortex.c.obj
 .text.__NVIC_SetPriority
                0x08005268       0x54 CMakeFiles/ESTUFA_FINAMENTO.dir/Drivers/STM32L4xx_HAL_Driver/Src/stm32l4xx_hal_cortex.c.obj
 .text.NVIC_EncodePriority
                0x080052bc       0x66 CMakeFiles/ESTUFA_FINAMENTO.dir/Drivers/STM32L4xx_HAL_Driver/Src/stm32l4xx_hal_cortex.c.obj
 *fill*         0x08005322        0x2 
 .text.__NVIC_SystemReset
                0x08005324       0x2c CMakeFiles/ESTUFA_FINAMENTO.dir/Drivers/STM32L4xx_HAL_Driver/Src/stm32l4xx_hal_cortex.c.obj
 .text.SysTick_Config
                0x08005350       0x44 CMakeFiles/ESTUFA_FINAMENTO.dir/Drivers/STM32L4xx_HAL_Driver/Src/stm32l4xx_hal_cortex.c.obj
 .text.HAL_NVIC_SetPriorityGrouping
                0x08005394       0x16 CMakeFiles/ESTUFA_FINAMENTO.dir/Drivers/STM32L4xx_HAL_Driver/Src/stm32l4xx_hal_cortex.c.obj
                0x08005394                HAL_NVIC_SetPriorityGrouping
 .text.HAL_NVIC_SetPriority
                0x080053aa       0x38 CMakeFiles/ESTUFA_FINAMENTO.dir/Drivers/STM32L4xx_HAL_Driver/Src/stm32l4xx_hal_cortex.c.obj
                0x080053aa                HAL_NVIC_SetPriority
 .text.HAL_NVIC_EnableIRQ
                0x080053e2       0x1c CMakeFiles/ESTUFA_FINAMENTO.dir/Drivers/STM32L4xx_HAL_Driver/Src/stm32l4xx_hal_cortex.c.obj
                0x080053e2                HAL_NVIC_EnableIRQ
 .text.HAL_NVIC_SystemReset
                0x080053fe        0x8 CMakeFiles/ESTUFA_FINAMENTO.dir/Drivers/STM32L4xx_HAL_Driver/Src/stm32l4xx_hal_cortex.c.obj
                0x080053fe                HAL_NVIC_SystemReset
 .text.HAL_SYSTICK_Config
                0x08005406       0x18 CMakeFiles/ESTUFA_FINAMENTO.dir/Drivers/STM32L4xx_HAL_Driver/Src/stm32l4xx_hal_cortex.c.obj
                0x08005406                HAL_SYSTICK_Config
 .text.HAL_RTC_Init
                0x0800541e      0x110 CMakeFiles/ESTUFA_FINAMENTO.dir/Drivers/STM32L4xx_HAL_Driver/Src/stm32l4xx_hal_rtc.c.obj
                0x0800541e                HAL_RTC_Init
 .text.HAL_RTC_SetTime
                0x0800552e      0x13a CMakeFiles/ESTUFA_FINAMENTO.dir/Drivers/STM32L4xx_HAL_Driver/Src/stm32l4xx_hal_rtc.c.obj
                0x0800552e                HAL_RTC_SetTime
 .text.HAL_RTC_GetTime
                0x08005668       0xb8 CMakeFiles/ESTUFA_FINAMENTO.dir/Drivers/STM32L4xx_HAL_Driver/Src/stm32l4xx_hal_rtc.c.obj
                0x08005668                HAL_RTC_GetTime
 .text.HAL_RTC_SetDate
                0x08005720      0x10e CMakeFiles/ESTUFA_FINAMENTO.dir/Drivers/STM32L4xx_HAL_Driver/Src/stm32l4xx_hal_rtc.c.obj
                0x08005720                HAL_RTC_SetDate
 .text.HAL_RTC_GetDate
                0x0800582e       0x9a CMakeFiles/ESTUFA_FINAMENTO.dir/Drivers/STM32L4xx_HAL_Driver/Src/stm32l4xx_hal_rtc.c.obj
                0x0800582e                HAL_RTC_GetDate
 .text.HAL_RTC_SetAlarm
                0x080058c8      0x25a CMakeFiles/ESTUFA_FINAMENTO.dir/Drivers/STM32L4xx_HAL_Driver/Src/stm32l4xx_hal_rtc.c.obj
                0x080058c8                HAL_RTC_SetAlarm
 *fill*         0x08005b22        0x2 
 .text.HAL_RTC_WaitForSynchro
                0x08005b24       0x48 CMakeFiles/ESTUFA_FINAMENTO.dir/Drivers/STM32L4xx_HAL_Driver/Src/stm32l4xx_hal_rtc.c.obj
                0x08005b24                HAL_RTC_WaitForSynchro
 .text.RTC_EnterInitMode
                0x08005b6c       0x66 CMakeFiles/ESTUFA_FINAMENTO.dir/Drivers/STM32L4xx_HAL_Driver/Src/stm32l4xx_hal_rtc.c.obj
                0x08005b6c                RTC_EnterInitMode
 *fill*         0x08005bd2        0x2 
 .text.RTC_ExitInitMode
                0x08005bd4       0x7c CMakeFiles/ESTUFA_FINAMENTO.dir/Drivers/STM32L4xx_HAL_Driver/Src/stm32l4xx_hal_rtc.c.obj
                0x08005bd4                RTC_ExitInitMode
 .text.RTC_ByteToBcd2
                0x08005c50       0x40 CMakeFiles/ESTUFA_FINAMENTO.dir/Drivers/STM32L4xx_HAL_Driver/Src/stm32l4xx_hal_rtc.c.obj
                0x08005c50                RTC_ByteToBcd2
 .text.RTC_Bcd2ToByte
                0x08005c90       0x34 CMakeFiles/ESTUFA_FINAMENTO.dir/Drivers/STM32L4xx_HAL_Driver/Src/stm32l4xx_hal_rtc.c.obj
                0x08005c90                RTC_Bcd2ToByte
 .text.HAL_TIM_Base_Init
                0x08005cc4       0xae CMakeFiles/ESTUFA_FINAMENTO.dir/Drivers/STM32L4xx_HAL_Driver/Src/stm32l4xx_hal_tim.c.obj
                0x08005cc4                HAL_TIM_Base_Init
 *fill*         0x08005d72        0x2 
 .text.HAL_TIM_Base_Start
                0x08005d74       0xd0 CMakeFiles/ESTUFA_FINAMENTO.dir/Drivers/STM32L4xx_HAL_Driver/Src/stm32l4xx_hal_tim.c.obj
                0x08005d74                HAL_TIM_Base_Start
 .text.HAL_TIM_PWM_Init
                0x08005e44       0xae CMakeFiles/ESTUFA_FINAMENTO.dir/Drivers/STM32L4xx_HAL_Driver/Src/stm32l4xx_hal_tim.c.obj
                0x08005e44                HAL_TIM_PWM_Init
 .text.HAL_TIM_PWM_MspInit
                0x08005ef2       0x14 CMakeFiles/ESTUFA_FINAMENTO.dir/Drivers/STM32L4xx_HAL_Driver/Src/stm32l4xx_hal_tim.c.obj
                0x08005ef2                HAL_TIM_PWM_MspInit
 *fill*         0x08005f06        0x2 
 .text.HAL_TIM_PWM_Start
                0x08005f08      0x20c CMakeFiles/ESTUFA_FINAMENTO.dir/Drivers/STM32L4xx_HAL_Driver/Src/stm32l4xx_hal_tim.c.obj
                0x08005f08                HAL_TIM_PWM_Start
 .text.HAL_TIM_Encoder_Init
                0x08006114      0x14c CMakeFiles/ESTUFA_FINAMENTO.dir/Drivers/STM32L4xx_HAL_Driver/Src/stm32l4xx_hal_tim.c.obj
                0x08006114                HAL_TIM_Encoder_Init
 .text.HAL_TIM_Encoder_Start
                0x08006260      0x11c CMakeFiles/ESTUFA_FINAMENTO.dir/Drivers/STM32L4xx_HAL_Driver/Src/stm32l4xx_hal_tim.c.obj
                0x08006260                HAL_TIM_Encoder_Start
 .text.HAL_TIM_PWM_ConfigChannel
                0x0800637c      0x228 CMakeFiles/ESTUFA_FINAMENTO.dir/Drivers/STM32L4xx_HAL_Driver/Src/stm32l4xx_hal_tim.c.obj
                0x0800637c                HAL_TIM_PWM_ConfigChannel
 .text.HAL_TIM_ConfigClockSource
                0x080065a4      0x192 CMakeFiles/ESTUFA_FINAMENTO.dir/Drivers/STM32L4xx_HAL_Driver/Src/stm32l4xx_hal_tim.c.obj
                0x080065a4                HAL_TIM_ConfigClockSource
 *fill*         0x08006736        0x2 
 .text.TIM_Base_SetConfig
                0x08006738      0x14c CMakeFiles/ESTUFA_FINAMENTO.dir/Drivers/STM32L4xx_HAL_Driver/Src/stm32l4xx_hal_tim.c.obj
                0x08006738                TIM_Base_SetConfig
 .text.TIM_OC1_SetConfig
                0x08006884      0x120 CMakeFiles/ESTUFA_FINAMENTO.dir/Drivers/STM32L4xx_HAL_Driver/Src/stm32l4xx_hal_tim.c.obj
 .text.TIM_OC2_SetConfig
                0x080069a4      0x114 CMakeFiles/ESTUFA_FINAMENTO.dir/Drivers/STM32L4xx_HAL_Driver/Src/stm32l4xx_hal_tim.c.obj
                0x080069a4                TIM_OC2_SetConfig
 .text.TIM_OC3_SetConfig
                0x08006ab8      0x110 CMakeFiles/ESTUFA_FINAMENTO.dir/Drivers/STM32L4xx_HAL_Driver/Src/stm32l4xx_hal_tim.c.obj
 .text.TIM_OC4_SetConfig
                0x08006bc8       0xd4 CMakeFiles/ESTUFA_FINAMENTO.dir/Drivers/STM32L4xx_HAL_Driver/Src/stm32l4xx_hal_tim.c.obj
 .text.TIM_OC5_SetConfig
                0x08006c9c       0xc8 CMakeFiles/ESTUFA_FINAMENTO.dir/Drivers/STM32L4xx_HAL_Driver/Src/stm32l4xx_hal_tim.c.obj
 .text.TIM_OC6_SetConfig
                0x08006d64       0xcc CMakeFiles/ESTUFA_FINAMENTO.dir/Drivers/STM32L4xx_HAL_Driver/Src/stm32l4xx_hal_tim.c.obj
 .text.TIM_TI1_ConfigInputStage
                0x08006e30       0x5e CMakeFiles/ESTUFA_FINAMENTO.dir/Drivers/STM32L4xx_HAL_Driver/Src/stm32l4xx_hal_tim.c.obj
 .text.TIM_TI2_ConfigInputStage
                0x08006e8e       0x60 CMakeFiles/ESTUFA_FINAMENTO.dir/Drivers/STM32L4xx_HAL_Driver/Src/stm32l4xx_hal_tim.c.obj
 .text.TIM_ITRx_SetConfig
                0x08006eee       0x36 CMakeFiles/ESTUFA_FINAMENTO.dir/Drivers/STM32L4xx_HAL_Driver/Src/stm32l4xx_hal_tim.c.obj
 .text.TIM_ETR_SetConfig
                0x08006f24       0x40 CMakeFiles/ESTUFA_FINAMENTO.dir/Drivers/STM32L4xx_HAL_Driver/Src/stm32l4xx_hal_tim.c.obj
                0x08006f24                TIM_ETR_SetConfig
 .text.TIM_CCxChannelCmd
                0x08006f64       0x4a CMakeFiles/ESTUFA_FINAMENTO.dir/Drivers/STM32L4xx_HAL_Driver/Src/stm32l4xx_hal_tim.c.obj
                0x08006f64                TIM_CCxChannelCmd
 *fill*         0x08006fae        0x2 
 .text.HAL_TIMEx_MasterConfigSynchronization
                0x08006fb0      0x110 CMakeFiles/ESTUFA_FINAMENTO.dir/Drivers/STM32L4xx_HAL_Driver/Src/stm32l4xx_hal_tim_ex.c.obj
                0x08006fb0                HAL_TIMEx_MasterConfigSynchronization
 .text.SystemInit
                0x080070c0       0x6c CMakeFiles/ESTUFA_FINAMENTO.dir/Core/Src/system_stm32l4xx.c.obj
                0x080070c0                SystemInit
 .text._sbrk    0x0800712c       0x54 CMakeFiles/ESTUFA_FINAMENTO.dir/Core/Src/sysmem.c.obj
                0x0800712c                _sbrk
 .text.Reset_Handler
                0x08007180       0x50 CMakeFiles/ESTUFA_FINAMENTO.dir/startup_stm32l486xx.s.obj
                0x08007180                Reset_Handler
 .text.Default_Handler
                0x080071d0        0x2 CMakeFiles/ESTUFA_FINAMENTO.dir/startup_stm32l486xx.s.obj
                0x080071d0                RTC_Alarm_IRQHandler
                0x080071d0                EXTI2_IRQHandler
                0x080071d0                TIM8_TRG_COM_IRQHandler
                0x080071d0                TIM8_CC_IRQHandler
                0x080071d0                TIM1_CC_IRQHandler
                0x080071d0                TSC_IRQHandler
                0x080071d0                TAMP_STAMP_IRQHandler
                0x080071d0                EXTI3_IRQHandler
                0x080071d0                LPTIM2_IRQHandler
                0x080071d0                DFSDM1_FLT1_IRQHandler
                0x080071d0                I2C3_ER_IRQHandler
                0x080071d0                DFSDM1_FLT2_IRQHandler
                0x080071d0                EXTI0_IRQHandler
                0x080071d0                I2C2_EV_IRQHandler
                0x080071d0                CAN1_RX0_IRQHandler
                0x080071d0                FPU_IRQHandler
                0x080071d0                TIM1_UP_TIM16_IRQHandler
                0x080071d0                ADC1_2_IRQHandler
                0x080071d0                SPI1_IRQHandler
                0x080071d0                TIM6_DAC_IRQHandler
                0x080071d0                TIM8_UP_IRQHandler
                0x080071d0                DMA2_Channel2_IRQHandler
                0x080071d0                DMA1_Channel4_IRQHandler
                0x080071d0                SAI2_IRQHandler
                0x080071d0                DFSDM1_FLT3_IRQHandler
                0x080071d0                USART3_IRQHandler
                0x080071d0                DMA1_Channel7_IRQHandler
                0x080071d0                CAN1_RX1_IRQHandler
                0x080071d0                LCD_IRQHandler
                0x080071d0                UART5_IRQHandler
                0x080071d0                ADC3_IRQHandler
                0x080071d0                TIM4_IRQHandler
                0x080071d0                DMA2_Channel1_IRQHandler
                0x080071d0                QUADSPI_IRQHandler
                0x080071d0                I2C1_EV_IRQHandler
                0x080071d0                DMA1_Channel6_IRQHandler
                0x080071d0                UART4_IRQHandler
                0x080071d0                DMA2_Channel4_IRQHandler
                0x080071d0                TIM3_IRQHandler
                0x080071d0                RCC_IRQHandler
                0x080071d0                DMA1_Channel1_IRQHandler
                0x080071d0                Default_Handler
                0x080071d0                DMA2_Channel7_IRQHandler
                0x080071d0                EXTI15_10_IRQHandler
                0x080071d0                TIM7_IRQHandler
                0x080071d0                SDMMC1_IRQHandler
                0x080071d0                TIM5_IRQHandler
                0x080071d0                I2C3_EV_IRQHandler
                0x080071d0                EXTI9_5_IRQHandler
                0x080071d0                RTC_WKUP_IRQHandler
                0x080071d0                PVD_PVM_IRQHandler
                0x080071d0                SPI2_IRQHandler
                0x080071d0                CAN1_TX_IRQHandler
                0x080071d0                DMA2_Channel5_IRQHandler
                0x080071d0                DMA1_Channel5_IRQHandler
                0x080071d0                RNG_IRQHandler
                0x080071d0                TIM1_TRG_COM_TIM17_IRQHandler
                0x080071d0                DMA1_Channel3_IRQHandler
                0x080071d0                COMP_IRQHandler
                0x080071d0                WWDG_IRQHandler
                0x080071d0                LPUART1_IRQHandler
                0x080071d0                DMA2_Channel6_IRQHandler
                0x080071d0                TIM2_IRQHandler
                0x080071d0                EXTI1_IRQHandler
                0x080071d0                AES_IRQHandler
                0x080071d0                USART2_IRQHandler
                0x080071d0                DFSDM1_FLT0_IRQHandler
                0x080071d0                I2C2_ER_IRQHandler
                0x080071d0                DMA1_Channel2_IRQHandler
                0x080071d0                TIM8_BRK_IRQHandler
                0x080071d0                CAN1_SCE_IRQHandler
                0x080071d0                FLASH_IRQHandler
                0x080071d0                USART1_IRQHandler
                0x080071d0                OTG_FS_IRQHandler
                0x080071d0                SPI3_IRQHandler
                0x080071d0                I2C1_ER_IRQHandler
                0x080071d0                FMC_IRQHandler
                0x080071d0                SWPMI1_IRQHandler
                0x080071d0                LPTIM1_IRQHandler
                0x080071d0                SAI1_IRQHandler
                0x080071d0                DMA2_Channel3_IRQHandler
                0x080071d0                TIM1_BRK_TIM15_IRQHandler
 *fill*         0x080071d2        0x2 
 .text.sprintf  0x080071d4       0x40 C:/ST/STM32CubeCLT_1.16.0/GNU-tools-for-STM32/bin/../lib/gcc/arm-none-eabi/12.3.1/../../../../arm-none-eabi/lib/thumb/v7e-m+fp/hard\libg_nano.a(libc_a-sprintf.o)
                0x080071d4                siprintf
                0x080071d4                sprintf
 .text.__errno  0x08007214        0xc C:/ST/STM32CubeCLT_1.16.0/GNU-tools-for-STM32/bin/../lib/gcc/arm-none-eabi/12.3.1/../../../../arm-none-eabi/lib/thumb/v7e-m+fp/hard\libg_nano.a(libc_a-errno.o)
                0x08007214                __errno
 .text.strcpy   0x08007220       0x10 C:/ST/STM32CubeCLT_1.16.0/GNU-tools-for-STM32/bin/../lib/gcc/arm-none-eabi/12.3.1/../../../../arm-none-eabi/lib/thumb/v7e-m+fp/hard\libg_nano.a(libc_a-strcpy.o)
                0x08007220                strcpy
 .text.__ssputs_r
                0x08007230       0xb6 C:/ST/STM32CubeCLT_1.16.0/GNU-tools-for-STM32/bin/../lib/gcc/arm-none-eabi/12.3.1/../../../../arm-none-eabi/lib/thumb/v7e-m+fp/hard\libg_nano.a(libc_a-nano-svfprintf.o)
                0x08007230                __ssputs_r
 *fill*         0x080072e6        0x2 
 .text._svfprintf_r
                0x080072e8      0x1f8 C:/ST/STM32CubeCLT_1.16.0/GNU-tools-for-STM32/bin/../lib/gcc/arm-none-eabi/12.3.1/../../../../arm-none-eabi/lib/thumb/v7e-m+fp/hard\libg_nano.a(libc_a-nano-svfprintf.o)
                0x080072e8                _svfiprintf_r
                0x080072e8                _svfprintf_r
 .text._printf_common
                0x080074e0       0xda C:/ST/STM32CubeCLT_1.16.0/GNU-tools-for-STM32/bin/../lib/gcc/arm-none-eabi/12.3.1/../../../../arm-none-eabi/lib/thumb/v7e-m+fp/hard\libg_nano.a(libc_a-nano-vfprintf_i.o)
                0x080074e0                _printf_common
 *fill*         0x080075ba        0x2 
 .text._printf_i
                0x080075bc      0x240 C:/ST/STM32CubeCLT_1.16.0/GNU-tools-for-STM32/bin/../lib/gcc/arm-none-eabi/12.3.1/../../../../arm-none-eabi/lib/thumb/v7e-m+fp/hard\libg_nano.a(libc_a-nano-vfprintf_i.o)
                0x080075bc                _printf_i
 .text.memmove  0x080077fc       0x34 C:/ST/STM32CubeCLT_1.16.0/GNU-tools-for-STM32/bin/../lib/gcc/arm-none-eabi/12.3.1/../../../../arm-none-eabi/lib/thumb/v7e-m+fp/hard\libg_nano.a(libc_a-memmove.o)
                0x080077fc                memmove
 .text.memcpy   0x08007830       0x1c C:/ST/STM32CubeCLT_1.16.0/GNU-tools-for-STM32/bin/../lib/gcc/arm-none-eabi/12.3.1/../../../../arm-none-eabi/lib/thumb/v7e-m+fp/hard\libg_nano.a(libc_a-memcpy-stub.o)
                0x08007830                memcpy
 .text._realloc_r
                0x0800784c       0x5c C:/ST/STM32CubeCLT_1.16.0/GNU-tools-for-STM32/bin/../lib/gcc/arm-none-eabi/12.3.1/../../../../arm-none-eabi/lib/thumb/v7e-m+fp/hard\libg_nano.a(libc_a-reallocr.o)
                0x0800784c                _realloc_r
 .text._malloc_usable_size_r
                0x080078a8       0x10 C:/ST/STM32CubeCLT_1.16.0/GNU-tools-for-STM32/bin/../lib/gcc/arm-none-eabi/12.3.1/../../../../arm-none-eabi/lib/thumb/v7e-m+fp/hard\libg_nano.a(libc_a-msizer.o)
                0x080078a8                _malloc_usable_size_r
 *(.glue_7)
 .glue_7        0x080078b8        0x0 linker stubs
 *(.glue_7t)
 .glue_7t       0x080078b8        0x0 linker stubs
 *(.eh_frame)
 .eh_frame      0x080078b8        0x0 C:/ST/STM32CubeCLT_1.16.0/GNU-tools-for-STM32/bin/../lib/gcc/arm-none-eabi/12.3.1/thumb/v7e-m+fp/hard/crtbegin.o
 *(.init)
 .init          0x080078b8        0x4 C:/ST/STM32CubeCLT_1.16.0/GNU-tools-for-STM32/bin/../lib/gcc/arm-none-eabi/12.3.1/thumb/v7e-m+fp/hard/crti.o
                0x080078b8                _init
 .init          0x080078bc        0x8 C:/ST/STM32CubeCLT_1.16.0/GNU-tools-for-STM32/bin/../lib/gcc/arm-none-eabi/12.3.1/thumb/v7e-m+fp/hard/crtn.o
 *(.fini)
 .fini          0x080078c4        0x4 C:/ST/STM32CubeCLT_1.16.0/GNU-tools-for-STM32/bin/../lib/gcc/arm-none-eabi/12.3.1/thumb/v7e-m+fp/hard/crti.o
                0x080078c4                _fini
 .fini          0x080078c8        0x8 C:/ST/STM32CubeCLT_1.16.0/GNU-tools-for-STM32/bin/../lib/gcc/arm-none-eabi/12.3.1/thumb/v7e-m+fp/hard/crtn.o
                0x080078d0                        . = ALIGN (0x4)
                0x080078d0                        _etext = .

.vfp11_veneer   0x080078d0        0x0
 .vfp11_veneer  0x080078d0        0x0 linker stubs

.v4_bx          0x080078d0        0x0
 .v4_bx         0x080078d0        0x0 linker stubs

.iplt           0x080078d0        0x0
 .iplt          0x080078d0        0x0 C:/ST/STM32CubeCLT_1.16.0/GNU-tools-for-STM32/bin/../lib/gcc/arm-none-eabi/12.3.1/thumb/v7e-m+fp/hard/crtbegin.o

.rodata         0x080078d0     0x2a70
                0x080078d0                        . = ALIGN (0x4)
 *(.rodata)
 .rodata        0x080078d0       0x6c CMakeFiles/ESTUFA_FINAMENTO.dir/Core/Src/main.c.obj
 .rodata        0x0800793c       0x12 CMakeFiles/ESTUFA_FINAMENTO.dir/Core/Menu/Src/menu.c.obj
 *(.rodata*)
 *fill*         0x0800794e        0x2 
 .rodata.Filament
                0x08007950       0xb4 CMakeFiles/ESTUFA_FINAMENTO.dir/Core/Src/main.c.obj
 .rodata.Filament
                0x08007a04       0xb4 CMakeFiles/ESTUFA_FINAMENTO.dir/Core/Menu/Src/menu.c.obj
 .rodata.Font7x10
                0x08007ab8      0x76c CMakeFiles/ESTUFA_FINAMENTO.dir/Core/Ssd1306/Src/fonts.c.obj
                0x08007ab8                Font7x10
 .rodata.Font11x18
                0x08008224      0xd5c CMakeFiles/ESTUFA_FINAMENTO.dir/Core/Ssd1306/Src/fonts.c.obj
                0x08008224                Font11x18
 .rodata.Font16x26
                0x08008f80     0x134c CMakeFiles/ESTUFA_FINAMENTO.dir/Core/Ssd1306/Src/fonts.c.obj
                0x08008f80                Font16x26
 .rodata.AHBPrescTable
                0x0800a2cc       0x10 CMakeFiles/ESTUFA_FINAMENTO.dir/Core/Src/system_stm32l4xx.c.obj
                0x0800a2cc                AHBPrescTable
 .rodata.MSIRangeTable
                0x0800a2dc       0x30 CMakeFiles/ESTUFA_FINAMENTO.dir/Core/Src/system_stm32l4xx.c.obj
                0x0800a2dc                MSIRangeTable
 .rodata._svfprintf_r.str1.1
                0x0800a30c       0x11 C:/ST/STM32CubeCLT_1.16.0/GNU-tools-for-STM32/bin/../lib/gcc/arm-none-eabi/12.3.1/../../../../arm-none-eabi/lib/thumb/v7e-m+fp/hard\libg_nano.a(libc_a-nano-svfprintf.o)
 .rodata._printf_i.str1.1
                0x0800a31d       0x22 C:/ST/STM32CubeCLT_1.16.0/GNU-tools-for-STM32/bin/../lib/gcc/arm-none-eabi/12.3.1/../../../../arm-none-eabi/lib/thumb/v7e-m+fp/hard\libg_nano.a(libc_a-nano-vfprintf_i.o)
                0x0800a340                        . = ALIGN (0x4)
 *fill*         0x0800a33f        0x1 

.ARM.extab      0x0800a340        0x0
                0x0800a340                        . = ALIGN (0x4)
 *(.ARM.extab* .gnu.linkonce.armextab.*)
                0x0800a340                        . = ALIGN (0x4)

.ARM            0x0800a340        0x8
                0x0800a340                        . = ALIGN (0x4)
                0x0800a340                        __exidx_start = .
 *(.ARM.exidx*)
 .ARM.exidx     0x0800a340        0x8 C:/ST/STM32CubeCLT_1.16.0/GNU-tools-for-STM32/bin/../lib/gcc/arm-none-eabi/12.3.1/../../../../arm-none-eabi/lib/thumb/v7e-m+fp/hard\libg_nano.a(libc_a-memchr.o)
                0x0800a348                        __exidx_end = .
                0x0800a348                        . = ALIGN (0x4)

.rel.dyn        0x0800a348        0x0
 .rel.iplt      0x0800a348        0x0 C:/ST/STM32CubeCLT_1.16.0/GNU-tools-for-STM32/bin/../lib/gcc/arm-none-eabi/12.3.1/thumb/v7e-m+fp/hard/crtbegin.o

.preinit_array  0x0800a348        0x0
                0x0800a348                        . = ALIGN (0x4)
                0x0800a348                        PROVIDE (__preinit_array_start = .)
 *(.preinit_array*)
                0x0800a348                        PROVIDE (__preinit_array_end = .)
                0x0800a348                        . = ALIGN (0x4)

.init_array     0x0800a348        0x4
                0x0800a348                        . = ALIGN (0x4)
                0x0800a348                        PROVIDE (__init_array_start = .)
 *(SORT_BY_NAME(.init_array.*))
 *(.init_array*)
 .init_array    0x0800a348        0x4 C:/ST/STM32CubeCLT_1.16.0/GNU-tools-for-STM32/bin/../lib/gcc/arm-none-eabi/12.3.1/thumb/v7e-m+fp/hard/crtbegin.o
                0x0800a34c                        PROVIDE (__init_array_end = .)
                0x0800a34c                        . = ALIGN (0x4)

.fini_array     0x0800a34c        0x4
                0x0800a34c                        . = ALIGN (0x4)
                [!provide]                        PROVIDE (__fini_array_start = .)
 *(SORT_BY_NAME(.fini_array.*))
 *(.fini_array*)
 .fini_array    0x0800a34c        0x4 C:/ST/STM32CubeCLT_1.16.0/GNU-tools-for-STM32/bin/../lib/gcc/arm-none-eabi/12.3.1/thumb/v7e-m+fp/hard/crtbegin.o
                [!provide]                        PROVIDE (__fini_array_end = .)
                0x0800a350                        . = ALIGN (0x4)
                0x0800a350                        _sidata = LOADADDR (.data)

.data           0x20000000       0x7c load address 0x0800a350
                0x20000000                        . = ALIGN (0x4)
                0x20000000                        _sdata = .
 *(.data)
 *(.data*)
 .data._impure_ptr
                0x20000000        0x4 C:/ST/STM32CubeCLT_1.16.0/GNU-tools-for-STM32/bin/../lib/gcc/arm-none-eabi/12.3.1/../../../../arm-none-eabi/lib/thumb/v7e-m+fp/hard\libc_nano.a(libc_a-impure.o)
                0x20000000                _impure_ptr
 .data._impure_data
                0x20000004       0x4c C:/ST/STM32CubeCLT_1.16.0/GNU-tools-for-STM32/bin/../lib/gcc/arm-none-eabi/12.3.1/../../../../arm-none-eabi/lib/thumb/v7e-m+fp/hard\libc_nano.a(libc_a-impure.o)
                0x20000004                _impure_data
 .data.TempC_Trab
                0x20000050        0x4 CMakeFiles/ESTUFA_FINAMENTO.dir/Core/Src/main.c.obj
                0x20000050                TempC_Trab
 .data.Font_7x10
                0x20000054        0x8 CMakeFiles/ESTUFA_FINAMENTO.dir/Core/Ssd1306/Src/fonts.c.obj
                0x20000054                Font_7x10
 .data.Font_11x18
                0x2000005c        0x8 CMakeFiles/ESTUFA_FINAMENTO.dir/Core/Ssd1306/Src/fonts.c.obj
                0x2000005c                Font_11x18
 .data.Font_16x26
                0x20000064        0x8 CMakeFiles/ESTUFA_FINAMENTO.dir/Core/Ssd1306/Src/fonts.c.obj
                0x20000064                Font_16x26
 .data.intervalo_troca_ar
                0x2000006c        0x1 CMakeFiles/ESTUFA_FINAMENTO.dir/Core/Utilitis/Src/delays.c.obj
                0x2000006c                intervalo_troca_ar
 .data.tempo_fan_on
                0x2000006d        0x1 CMakeFiles/ESTUFA_FINAMENTO.dir/Core/Utilitis/Src/delays.c.obj
                0x2000006d                tempo_fan_on
 *fill*         0x2000006e        0x2 
 .data.uwTickPrio
                0x20000070        0x4 CMakeFiles/ESTUFA_FINAMENTO.dir/Drivers/STM32L4xx_HAL_Driver/Src/stm32l4xx_hal.c.obj
                0x20000070                uwTickPrio
 .data.uwTickFreq
                0x20000074        0x1 CMakeFiles/ESTUFA_FINAMENTO.dir/Drivers/STM32L4xx_HAL_Driver/Src/stm32l4xx_hal.c.obj
                0x20000074                uwTickFreq
 *fill*         0x20000075        0x3 
 .data.SystemCoreClock
                0x20000078        0x4 CMakeFiles/ESTUFA_FINAMENTO.dir/Core/Src/system_stm32l4xx.c.obj
                0x20000078                SystemCoreClock
 *(.RamFunc)
 *(.RamFunc*)
                0x2000007c                        . = ALIGN (0x4)
                0x2000007c                        _edata = .

.igot.plt       0x2000007c        0x0 load address 0x0800a3cc
 .igot.plt      0x2000007c        0x0 C:/ST/STM32CubeCLT_1.16.0/GNU-tools-for-STM32/bin/../lib/gcc/arm-none-eabi/12.3.1/thumb/v7e-m+fp/hard/crtbegin.o
                0x2000007c                        . = ALIGN (0x4)

.bss            0x2000007c      0x7a4 load address 0x0800a3cc
                0x2000007c                        _sbss = .
                0x2000007c                        __bss_start__ = _sbss
 *(.bss)
 .bss           0x2000007c       0x1c C:/ST/STM32CubeCLT_1.16.0/GNU-tools-for-STM32/bin/../lib/gcc/arm-none-eabi/12.3.1/thumb/v7e-m+fp/hard/crtbegin.o
 *(.bss*)
 .bss.__sf      0x20000098      0x138 C:/ST/STM32CubeCLT_1.16.0/GNU-tools-for-STM32/bin/../lib/gcc/arm-none-eabi/12.3.1/../../../../arm-none-eabi/lib/thumb/v7e-m+fp/hard\libc_nano.a(libc_a-findfp.o)
                0x20000098                __sf
 .bss.errno     0x200001d0        0x4 C:/ST/STM32CubeCLT_1.16.0/GNU-tools-for-STM32/bin/../lib/gcc/arm-none-eabi/12.3.1/../../../../arm-none-eabi/lib/thumb/v7e-m+fp/hard\libc_nano.a(libc_a-reent.o)
                0x200001d0                errno
 .bss.__lock___malloc_recursive_mutex
                0x200001d4        0x1 C:/ST/STM32CubeCLT_1.16.0/GNU-tools-for-STM32/bin/../lib/gcc/arm-none-eabi/12.3.1/../../../../arm-none-eabi/lib/thumb/v7e-m+fp/hard\libc_nano.a(libc_a-lock.o)
                0x200001d4                __lock___malloc_recursive_mutex
 *fill*         0x200001d5        0x3 
 .bss.__malloc_sbrk_start
                0x200001d8        0x4 C:/ST/STM32CubeCLT_1.16.0/GNU-tools-for-STM32/bin/../lib/gcc/arm-none-eabi/12.3.1/../../../../arm-none-eabi/lib/thumb/v7e-m+fp/hard\libc_nano.a(libc_a-mallocr.o)
                0x200001d8                __malloc_sbrk_start
 .bss.__malloc_free_list
                0x200001dc        0x4 C:/ST/STM32CubeCLT_1.16.0/GNU-tools-for-STM32/bin/../lib/gcc/arm-none-eabi/12.3.1/../../../../arm-none-eabi/lib/thumb/v7e-m+fp/hard\libc_nano.a(libc_a-mallocr.o)
                0x200001dc                __malloc_free_list
 .bss.DHT11_Data
                0x200001e0        0x8 CMakeFiles/ESTUFA_FINAMENTO.dir/Core/Src/main.c.obj
                0x200001e0                DHT11_Data
 .bss.TempC     0x200001e8        0x4 CMakeFiles/ESTUFA_FINAMENTO.dir/Core/Src/main.c.obj
                0x200001e8                TempC
 .bss.Tempo_Trab
                0x200001ec        0x2 CMakeFiles/ESTUFA_FINAMENTO.dir/Core/Src/main.c.obj
                0x200001ec                Tempo_Trab
 .bss.Tempo_epoch
                0x200001ee        0x2 CMakeFiles/ESTUFA_FINAMENTO.dir/Core/Src/main.c.obj
                0x200001ee                Tempo_epoch
 .bss.Humidity  0x200001f0        0x4 CMakeFiles/ESTUFA_FINAMENTO.dir/Core/Src/main.c.obj
                0x200001f0                Humidity
 .bss.MSG       0x200001f4       0x32 CMakeFiles/ESTUFA_FINAMENTO.dir/Core/Src/main.c.obj
                0x200001f4                MSG
 .bss.perfil    0x20000226        0x1 CMakeFiles/ESTUFA_FINAMENTO.dir/Core/Src/main.c.obj
                0x20000226                perfil
 .bss.fan1      0x20000227        0x1 CMakeFiles/ESTUFA_FINAMENTO.dir/Core/Src/main.c.obj
                0x20000227                fan1
 .bss.fan2      0x20000228        0x1 CMakeFiles/ESTUFA_FINAMENTO.dir/Core/Src/main.c.obj
                0x20000228                fan2
 .bss.fan3      0x20000229        0x1 CMakeFiles/ESTUFA_FINAMENTO.dir/Core/Src/main.c.obj
                0x20000229                fan3
 *fill*         0x2000022a        0x2 
 .bss.hcrc      0x2000022c       0x24 CMakeFiles/ESTUFA_FINAMENTO.dir/Core/Src/crc.c.obj
                0x2000022c                hcrc
 .bss.hi2c2     0x20000250       0x54 CMakeFiles/ESTUFA_FINAMENTO.dir/Core/Src/i2c.c.obj
                0x20000250                hi2c2
 .bss.sTime     0x200002a4       0x14 CMakeFiles/ESTUFA_FINAMENTO.dir/Core/Src/rtc.c.obj
                0x200002a4                sTime
 .bss.sDate     0x200002b8        0x4 CMakeFiles/ESTUFA_FINAMENTO.dir/Core/Src/rtc.c.obj
                0x200002b8                sDate
 .bss.hrtc      0x200002bc       0x24 CMakeFiles/ESTUFA_FINAMENTO.dir/Core/Src/rtc.c.obj
                0x200002bc                hrtc
 .bss.htim2     0x200002e0       0x4c CMakeFiles/ESTUFA_FINAMENTO.dir/Core/Src/tim.c.obj
                0x200002e0                htim2
 .bss.htim3     0x2000032c       0x4c CMakeFiles/ESTUFA_FINAMENTO.dir/Core/Src/tim.c.obj
                0x2000032c                htim3
 .bss.htim17    0x20000378       0x4c CMakeFiles/ESTUFA_FINAMENTO.dir/Core/Src/tim.c.obj
                0x20000378                htim17
 .bss.RH1       0x200003c4        0x1 CMakeFiles/ESTUFA_FINAMENTO.dir/Core/DHT/Src/DHT.c.obj
                0x200003c4                RH1
 .bss.RH2       0x200003c5        0x1 CMakeFiles/ESTUFA_FINAMENTO.dir/Core/DHT/Src/DHT.c.obj
                0x200003c5                RH2
 .bss.TC1       0x200003c6        0x1 CMakeFiles/ESTUFA_FINAMENTO.dir/Core/DHT/Src/DHT.c.obj
                0x200003c6                TC1
 .bss.TC2       0x200003c7        0x1 CMakeFiles/ESTUFA_FINAMENTO.dir/Core/DHT/Src/DHT.c.obj
                0x200003c7                TC2
 .bss.SUM       0x200003c8        0x1 CMakeFiles/ESTUFA_FINAMENTO.dir/Core/DHT/Src/DHT.c.obj
                0x200003c8                SUM
 .bss.CHECK     0x200003c9        0x1 CMakeFiles/ESTUFA_FINAMENTO.dir/Core/DHT/Src/DHT.c.obj
                0x200003c9                CHECK
 *fill*         0x200003ca        0x2 
 .bss.pMillis   0x200003cc        0x4 CMakeFiles/ESTUFA_FINAMENTO.dir/Core/DHT/Src/DHT.c.obj
                0x200003cc                pMillis
 .bss.cMillis   0x200003d0        0x4 CMakeFiles/ESTUFA_FINAMENTO.dir/Core/DHT/Src/DHT.c.obj
                0x200003d0                cMillis
 .bss.key       0x200003d4        0x1 CMakeFiles/ESTUFA_FINAMENTO.dir/Core/Menu/Src/menu.c.obj
                0x200003d4                key
 *fill*         0x200003d5        0x3 
 .bss.SSD1306_Buffer
                0x200003d8      0x400 CMakeFiles/ESTUFA_FINAMENTO.dir/Core/Ssd1306/Src/ssd1306.c.obj
 .bss.SSD1306   0x200007d8        0x6 CMakeFiles/ESTUFA_FINAMENTO.dir/Core/Ssd1306/Src/ssd1306.c.obj
 .bss.sleep_cont
                0x200007de        0x1 CMakeFiles/ESTUFA_FINAMENTO.dir/Core/Utilitis/Src/delays.c.obj
                0x200007de                sleep_cont
 .bss.menu_tempo
                0x200007df        0x1 CMakeFiles/ESTUFA_FINAMENTO.dir/Core/Utilitis/Src/delays.c.obj
                0x200007df                menu_tempo
 .bss.cont_tempo_troca_ar
                0x200007e0        0x4 CMakeFiles/ESTUFA_FINAMENTO.dir/Core/Utilitis/Src/delays.c.obj
                0x200007e0                cont_tempo_troca_ar
 .bss.cont_tempo_fan_on
                0x200007e4        0x1 CMakeFiles/ESTUFA_FINAMENTO.dir/Core/Utilitis/Src/delays.c.obj
                0x200007e4                cont_tempo_fan_on
 .bss.em_processo
                0x200007e5        0x1 CMakeFiles/ESTUFA_FINAMENTO.dir/Core/Utilitis/Src/delays.c.obj
                0x200007e5                em_processo
 *fill*         0x200007e6        0x2 
 .bss.cont_tempo.0
                0x200007e8        0x4 CMakeFiles/ESTUFA_FINAMENTO.dir/Core/Utilitis/Src/delays.c.obj
 .bss.PIDS      0x200007ec       0x24 CMakeFiles/ESTUFA_FINAMENTO.dir/Core/Utilitis/Src/temperatura.c.obj
                0x200007ec                PIDS
 .bss.pid_error_s
                0x20000810        0x4 CMakeFiles/ESTUFA_FINAMENTO.dir/Core/Utilitis/Src/temperatura.c.obj
                0x20000810                pid_error_s
 .bss.duty_s    0x20000814        0x4 CMakeFiles/ESTUFA_FINAMENTO.dir/Core/Utilitis/Src/temperatura.c.obj
                0x20000814                duty_s
 .bss.uwTick    0x20000818        0x4 CMakeFiles/ESTUFA_FINAMENTO.dir/Drivers/STM32L4xx_HAL_Driver/Src/stm32l4xx_hal.c.obj
                0x20000818                uwTick
 .bss.heap_end.0
                0x2000081c        0x4 CMakeFiles/ESTUFA_FINAMENTO.dir/Core/Src/sysmem.c.obj
 *(COMMON)
                0x20000820                        . = ALIGN (0x4)
                0x20000820                        _ebss = .
                0x20000820                        __bss_end__ = _ebss

._user_heap_stack
                0x20000820     0x1e00 load address 0x0800a3cc
                0x20000820                        . = ALIGN (0x8)
                0x20000820                        PROVIDE (end = .)
                [!provide]                        PROVIDE (_end = .)
                0x20001020                        . = (. + _Min_Heap_Size)
 *fill*         0x20000820      0x800 
                0x20002620                        . = (. + _Min_Stack_Size)
 *fill*         0x20001020     0x1600 
                0x20002620                        . = ALIGN (0x8)

/DISCARD/
 libc.a(*)
 libm.a(*)
 libgcc.a(*)

.ARM.attributes
                0x00000000       0x30
 *(.ARM.attributes)
 .ARM.attributes
                0x00000000       0x22 C:/ST/STM32CubeCLT_1.16.0/GNU-tools-for-STM32/bin/../lib/gcc/arm-none-eabi/12.3.1/thumb/v7e-m+fp/hard/crti.o
 .ARM.attributes
                0x00000022       0x34 C:/ST/STM32CubeCLT_1.16.0/GNU-tools-for-STM32/bin/../lib/gcc/arm-none-eabi/12.3.1/thumb/v7e-m+fp/hard/crtbegin.o
 .ARM.attributes
                0x00000056       0x34 C:/ST/STM32CubeCLT_1.16.0/GNU-tools-for-STM32/bin/../lib/gcc/arm-none-eabi/12.3.1/../../../../arm-none-eabi/lib/thumb/v7e-m+fp/hard\libc_nano.a(libc_a-findfp.o)
 .ARM.attributes
                0x0000008a       0x34 C:/ST/STM32CubeCLT_1.16.0/GNU-tools-for-STM32/bin/../lib/gcc/arm-none-eabi/12.3.1/../../../../arm-none-eabi/lib/thumb/v7e-m+fp/hard\libc_nano.a(libc_a-memset.o)
 .ARM.attributes
                0x000000be       0x34 C:/ST/STM32CubeCLT_1.16.0/GNU-tools-for-STM32/bin/../lib/gcc/arm-none-eabi/12.3.1/../../../../arm-none-eabi/lib/thumb/v7e-m+fp/hard\libc_nano.a(libc_a-reent.o)
 .ARM.attributes
                0x000000f2       0x34 C:/ST/STM32CubeCLT_1.16.0/GNU-tools-for-STM32/bin/../lib/gcc/arm-none-eabi/12.3.1/../../../../arm-none-eabi/lib/thumb/v7e-m+fp/hard\libc_nano.a(libc_a-impure.o)
 .ARM.attributes
                0x00000126       0x34 C:/ST/STM32CubeCLT_1.16.0/GNU-tools-for-STM32/bin/../lib/gcc/arm-none-eabi/12.3.1/../../../../arm-none-eabi/lib/thumb/v7e-m+fp/hard\libc_nano.a(libc_a-init.o)
 .ARM.attributes
                0x0000015a       0x34 C:/ST/STM32CubeCLT_1.16.0/GNU-tools-for-STM32/bin/../lib/gcc/arm-none-eabi/12.3.1/../../../../arm-none-eabi/lib/thumb/v7e-m+fp/hard\libc_nano.a(libc_a-lock.o)
 .ARM.attributes
                0x0000018e       0x34 C:/ST/STM32CubeCLT_1.16.0/GNU-tools-for-STM32/bin/../lib/gcc/arm-none-eabi/12.3.1/../../../../arm-none-eabi/lib/thumb/v7e-m+fp/hard\libc_nano.a(libc_a-freer.o)
 .ARM.attributes
                0x000001c2       0x34 C:/ST/STM32CubeCLT_1.16.0/GNU-tools-for-STM32/bin/../lib/gcc/arm-none-eabi/12.3.1/../../../../arm-none-eabi/lib/thumb/v7e-m+fp/hard\libc_nano.a(libc_a-mallocr.o)
 .ARM.attributes
                0x000001f6       0x34 C:/ST/STM32CubeCLT_1.16.0/GNU-tools-for-STM32/bin/../lib/gcc/arm-none-eabi/12.3.1/../../../../arm-none-eabi/lib/thumb/v7e-m+fp/hard\libc_nano.a(libc_a-mlock.o)
 .ARM.attributes
                0x0000022a       0x34 C:/ST/STM32CubeCLT_1.16.0/GNU-tools-for-STM32/bin/../lib/gcc/arm-none-eabi/12.3.1/../../../../arm-none-eabi/lib/thumb/v7e-m+fp/hard\libc_nano.a(libc_a-sbrkr.o)
 .ARM.attributes
                0x0000025e       0x34 CMakeFiles/ESTUFA_FINAMENTO.dir/Core/Src/main.c.obj
 .ARM.attributes
                0x00000292       0x34 CMakeFiles/ESTUFA_FINAMENTO.dir/Core/Src/gpio.c.obj
 .ARM.attributes
                0x000002c6       0x34 CMakeFiles/ESTUFA_FINAMENTO.dir/Core/Src/crc.c.obj
 .ARM.attributes
                0x000002fa       0x34 CMakeFiles/ESTUFA_FINAMENTO.dir/Core/Src/i2c.c.obj
 .ARM.attributes
                0x0000032e       0x34 CMakeFiles/ESTUFA_FINAMENTO.dir/Core/Src/rtc.c.obj
 .ARM.attributes
                0x00000362       0x34 CMakeFiles/ESTUFA_FINAMENTO.dir/Core/Src/tim.c.obj
 .ARM.attributes
                0x00000396       0x34 CMakeFiles/ESTUFA_FINAMENTO.dir/Core/DHT/Src/DHT.c.obj
 .ARM.attributes
                0x000003ca       0x34 CMakeFiles/ESTUFA_FINAMENTO.dir/Core/Menu/Src/menu.c.obj
 .ARM.attributes
                0x000003fe       0x34 CMakeFiles/ESTUFA_FINAMENTO.dir/Core/Ssd1306/Src/fonts.c.obj
 .ARM.attributes
                0x00000432       0x34 CMakeFiles/ESTUFA_FINAMENTO.dir/Core/Ssd1306/Src/ssd1306.c.obj
 .ARM.attributes
                0x00000466       0x34 CMakeFiles/ESTUFA_FINAMENTO.dir/Core/Utilitis/Src/arm_pid_init_f32.c.obj
 .ARM.attributes
                0x0000049a       0x34 CMakeFiles/ESTUFA_FINAMENTO.dir/Core/Utilitis/Src/delays.c.obj
 .ARM.attributes
                0x000004ce       0x34 CMakeFiles/ESTUFA_FINAMENTO.dir/Core/Utilitis/Src/temperatura.c.obj
 .ARM.attributes
                0x00000502       0x34 CMakeFiles/ESTUFA_FINAMENTO.dir/Core/Src/stm32l4xx_it.c.obj
 .ARM.attributes
                0x00000536       0x34 CMakeFiles/ESTUFA_FINAMENTO.dir/Core/Src/stm32l4xx_hal_msp.c.obj
 .ARM.attributes
                0x0000056a       0x34 CMakeFiles/ESTUFA_FINAMENTO.dir/Drivers/STM32L4xx_HAL_Driver/Src/stm32l4xx_hal_crc.c.obj
 .ARM.attributes
                0x0000059e       0x34 CMakeFiles/ESTUFA_FINAMENTO.dir/Drivers/STM32L4xx_HAL_Driver/Src/stm32l4xx_hal_crc_ex.c.obj
 .ARM.attributes
                0x000005d2       0x34 CMakeFiles/ESTUFA_FINAMENTO.dir/Drivers/STM32L4xx_HAL_Driver/Src/stm32l4xx_hal.c.obj
 .ARM.attributes
                0x00000606       0x34 CMakeFiles/ESTUFA_FINAMENTO.dir/Drivers/STM32L4xx_HAL_Driver/Src/stm32l4xx_hal_rcc.c.obj
 .ARM.attributes
                0x0000063a       0x34 CMakeFiles/ESTUFA_FINAMENTO.dir/Drivers/STM32L4xx_HAL_Driver/Src/stm32l4xx_hal_rcc_ex.c.obj
 .ARM.attributes
                0x0000066e       0x34 CMakeFiles/ESTUFA_FINAMENTO.dir/Drivers/STM32L4xx_HAL_Driver/Src/stm32l4xx_hal_gpio.c.obj
 .ARM.attributes
                0x000006a2       0x34 CMakeFiles/ESTUFA_FINAMENTO.dir/Drivers/STM32L4xx_HAL_Driver/Src/stm32l4xx_hal_i2c.c.obj
 .ARM.attributes
                0x000006d6       0x34 CMakeFiles/ESTUFA_FINAMENTO.dir/Drivers/STM32L4xx_HAL_Driver/Src/stm32l4xx_hal_i2c_ex.c.obj
 .ARM.attributes
                0x0000070a       0x34 CMakeFiles/ESTUFA_FINAMENTO.dir/Drivers/STM32L4xx_HAL_Driver/Src/stm32l4xx_hal_pwr_ex.c.obj
 .ARM.attributes
                0x0000073e       0x34 CMakeFiles/ESTUFA_FINAMENTO.dir/Drivers/STM32L4xx_HAL_Driver/Src/stm32l4xx_hal_cortex.c.obj
 .ARM.attributes
                0x00000772       0x34 CMakeFiles/ESTUFA_FINAMENTO.dir/Drivers/STM32L4xx_HAL_Driver/Src/stm32l4xx_hal_rtc.c.obj
 .ARM.attributes
                0x000007a6       0x34 CMakeFiles/ESTUFA_FINAMENTO.dir/Drivers/STM32L4xx_HAL_Driver/Src/stm32l4xx_hal_tim.c.obj
 .ARM.attributes
                0x000007da       0x34 CMakeFiles/ESTUFA_FINAMENTO.dir/Drivers/STM32L4xx_HAL_Driver/Src/stm32l4xx_hal_tim_ex.c.obj
 .ARM.attributes
                0x0000080e       0x34 CMakeFiles/ESTUFA_FINAMENTO.dir/Core/Src/system_stm32l4xx.c.obj
 .ARM.attributes
                0x00000842       0x34 CMakeFiles/ESTUFA_FINAMENTO.dir/Core/Src/sysmem.c.obj
 .ARM.attributes
                0x00000876       0x21 CMakeFiles/ESTUFA_FINAMENTO.dir/startup_stm32l486xx.s.obj
 .ARM.attributes
                0x00000897       0x22 C:/ST/STM32CubeCLT_1.16.0/GNU-tools-for-STM32/bin/../lib/gcc/arm-none-eabi/12.3.1/thumb/v7e-m+fp/hard\libgcc.a(_arm_addsubdf3.o)
 .ARM.attributes
                0x000008b9       0x22 C:/ST/STM32CubeCLT_1.16.0/GNU-tools-for-STM32/bin/../lib/gcc/arm-none-eabi/12.3.1/thumb/v7e-m+fp/hard\libgcc.a(_arm_muldivdf3.o)
 .ARM.attributes
                0x000008db       0x22 C:/ST/STM32CubeCLT_1.16.0/GNU-tools-for-STM32/bin/../lib/gcc/arm-none-eabi/12.3.1/thumb/v7e-m+fp/hard\libgcc.a(_arm_cmpdf2.o)
 .ARM.attributes
                0x000008fd       0x22 C:/ST/STM32CubeCLT_1.16.0/GNU-tools-for-STM32/bin/../lib/gcc/arm-none-eabi/12.3.1/thumb/v7e-m+fp/hard\libgcc.a(_arm_fixunsdfsi.o)
 .ARM.attributes
                0x0000091f       0x34 C:/ST/STM32CubeCLT_1.16.0/GNU-tools-for-STM32/bin/../lib/gcc/arm-none-eabi/12.3.1/../../../../arm-none-eabi/lib/thumb/v7e-m+fp/hard\libg_nano.a(libc_a-sprintf.o)
 .ARM.attributes
                0x00000953       0x34 C:/ST/STM32CubeCLT_1.16.0/GNU-tools-for-STM32/bin/../lib/gcc/arm-none-eabi/12.3.1/../../../../arm-none-eabi/lib/thumb/v7e-m+fp/hard\libg_nano.a(libc_a-errno.o)
 .ARM.attributes
                0x00000987       0x34 C:/ST/STM32CubeCLT_1.16.0/GNU-tools-for-STM32/bin/../lib/gcc/arm-none-eabi/12.3.1/../../../../arm-none-eabi/lib/thumb/v7e-m+fp/hard\libg_nano.a(libc_a-strcpy.o)
 .ARM.attributes
                0x000009bb       0x34 C:/ST/STM32CubeCLT_1.16.0/GNU-tools-for-STM32/bin/../lib/gcc/arm-none-eabi/12.3.1/../../../../arm-none-eabi/lib/thumb/v7e-m+fp/hard\libg_nano.a(libc_a-nano-svfprintf.o)
 .ARM.attributes
                0x000009ef       0x34 C:/ST/STM32CubeCLT_1.16.0/GNU-tools-for-STM32/bin/../lib/gcc/arm-none-eabi/12.3.1/../../../../arm-none-eabi/lib/thumb/v7e-m+fp/hard\libg_nano.a(libc_a-nano-vfprintf_i.o)
 .ARM.attributes
                0x00000a23       0x34 C:/ST/STM32CubeCLT_1.16.0/GNU-tools-for-STM32/bin/../lib/gcc/arm-none-eabi/12.3.1/../../../../arm-none-eabi/lib/thumb/v7e-m+fp/hard\libg_nano.a(libc_a-memmove.o)
 .ARM.attributes
                0x00000a57       0x1c C:/ST/STM32CubeCLT_1.16.0/GNU-tools-for-STM32/bin/../lib/gcc/arm-none-eabi/12.3.1/../../../../arm-none-eabi/lib/thumb/v7e-m+fp/hard\libg_nano.a(libc_a-memchr.o)
 .ARM.attributes
                0x00000a73       0x34 C:/ST/STM32CubeCLT_1.16.0/GNU-tools-for-STM32/bin/../lib/gcc/arm-none-eabi/12.3.1/../../../../arm-none-eabi/lib/thumb/v7e-m+fp/hard\libg_nano.a(libc_a-memcpy-stub.o)
 .ARM.attributes
                0x00000aa7       0x34 C:/ST/STM32CubeCLT_1.16.0/GNU-tools-for-STM32/bin/../lib/gcc/arm-none-eabi/12.3.1/../../../../arm-none-eabi/lib/thumb/v7e-m+fp/hard\libg_nano.a(libc_a-reallocr.o)
 .ARM.attributes
                0x00000adb       0x34 C:/ST/STM32CubeCLT_1.16.0/GNU-tools-for-STM32/bin/../lib/gcc/arm-none-eabi/12.3.1/../../../../arm-none-eabi/lib/thumb/v7e-m+fp/hard\libg_nano.a(libc_a-msizer.o)
 .ARM.attributes
                0x00000b0f       0x22 C:/ST/STM32CubeCLT_1.16.0/GNU-tools-for-STM32/bin/../lib/gcc/arm-none-eabi/12.3.1/thumb/v7e-m+fp/hard/crtn.o
OUTPUT(ESTUFA_FINAMENTO.elf elf32-littlearm)
LOAD linker stubs
LOAD C:/ST/STM32CubeCLT_1.16.0/GNU-tools-for-STM32/bin/../lib/gcc/arm-none-eabi/12.3.1/../../../../arm-none-eabi/lib/thumb/v7e-m+fp/hard\libc.a
LOAD C:/ST/STM32CubeCLT_1.16.0/GNU-tools-for-STM32/bin/../lib/gcc/arm-none-eabi/12.3.1/../../../../arm-none-eabi/lib/thumb/v7e-m+fp/hard\libm.a
LOAD C:/ST/STM32CubeCLT_1.16.0/GNU-tools-for-STM32/bin/../lib/gcc/arm-none-eabi/12.3.1/thumb/v7e-m+fp/hard\libgcc.a

.debug_frame    0x00000000     0x55f0
 .debug_frame   0x00000000      0x144 C:/ST/STM32CubeCLT_1.16.0/GNU-tools-for-STM32/bin/../lib/gcc/arm-none-eabi/12.3.1/../../../../arm-none-eabi/lib/thumb/v7e-m+fp/hard\libc_nano.a(libc_a-findfp.o)
 .debug_frame   0x00000144       0x20 C:/ST/STM32CubeCLT_1.16.0/GNU-tools-for-STM32/bin/../lib/gcc/arm-none-eabi/12.3.1/../../../../arm-none-eabi/lib/thumb/v7e-m+fp/hard\libc_nano.a(libc_a-memset.o)
 .debug_frame   0x00000164       0x38 C:/ST/STM32CubeCLT_1.16.0/GNU-tools-for-STM32/bin/../lib/gcc/arm-none-eabi/12.3.1/../../../../arm-none-eabi/lib/thumb/v7e-m+fp/hard\libc_nano.a(libc_a-reent.o)
 .debug_frame   0x0000019c       0x2c C:/ST/STM32CubeCLT_1.16.0/GNU-tools-for-STM32/bin/../lib/gcc/arm-none-eabi/12.3.1/../../../../arm-none-eabi/lib/thumb/v7e-m+fp/hard\libc_nano.a(libc_a-init.o)
 .debug_frame   0x000001c8       0xb0 C:/ST/STM32CubeCLT_1.16.0/GNU-tools-for-STM32/bin/../lib/gcc/arm-none-eabi/12.3.1/../../../../arm-none-eabi/lib/thumb/v7e-m+fp/hard\libc_nano.a(libc_a-lock.o)
 .debug_frame   0x00000278       0x38 C:/ST/STM32CubeCLT_1.16.0/GNU-tools-for-STM32/bin/../lib/gcc/arm-none-eabi/12.3.1/../../../../arm-none-eabi/lib/thumb/v7e-m+fp/hard\libc_nano.a(libc_a-freer.o)
 .debug_frame   0x000002b0       0x50 C:/ST/STM32CubeCLT_1.16.0/GNU-tools-for-STM32/bin/../lib/gcc/arm-none-eabi/12.3.1/../../../../arm-none-eabi/lib/thumb/v7e-m+fp/hard\libc_nano.a(libc_a-mallocr.o)
 .debug_frame   0x00000300       0x30 C:/ST/STM32CubeCLT_1.16.0/GNU-tools-for-STM32/bin/../lib/gcc/arm-none-eabi/12.3.1/../../../../arm-none-eabi/lib/thumb/v7e-m+fp/hard\libc_nano.a(libc_a-mlock.o)
 .debug_frame   0x00000330       0x2c C:/ST/STM32CubeCLT_1.16.0/GNU-tools-for-STM32/bin/../lib/gcc/arm-none-eabi/12.3.1/../../../../arm-none-eabi/lib/thumb/v7e-m+fp/hard\libc_nano.a(libc_a-sbrkr.o)
 .debug_frame   0x0000035c       0x74 CMakeFiles/ESTUFA_FINAMENTO.dir/Core/Src/main.c.obj
 .debug_frame   0x000003d0       0x34 CMakeFiles/ESTUFA_FINAMENTO.dir/Core/Src/gpio.c.obj
 .debug_frame   0x00000404       0x7c CMakeFiles/ESTUFA_FINAMENTO.dir/Core/Src/crc.c.obj
 .debug_frame   0x00000480       0x78 CMakeFiles/ESTUFA_FINAMENTO.dir/Core/Src/i2c.c.obj
 .debug_frame   0x000004f8       0xa8 CMakeFiles/ESTUFA_FINAMENTO.dir/Core/Src/rtc.c.obj
 .debug_frame   0x000005a0      0x130 CMakeFiles/ESTUFA_FINAMENTO.dir/Core/Src/tim.c.obj
 .debug_frame   0x000006d0       0xc4 CMakeFiles/ESTUFA_FINAMENTO.dir/Core/DHT/Src/DHT.c.obj
 .debug_frame   0x00000794       0xbc CMakeFiles/ESTUFA_FINAMENTO.dir/Core/Menu/Src/menu.c.obj
 .debug_frame   0x00000850       0x38 CMakeFiles/ESTUFA_FINAMENTO.dir/Core/Ssd1306/Src/fonts.c.obj
 .debug_frame   0x00000888      0x4f0 CMakeFiles/ESTUFA_FINAMENTO.dir/Core/Ssd1306/Src/ssd1306.c.obj
 .debug_frame   0x00000d78       0x34 CMakeFiles/ESTUFA_FINAMENTO.dir/Core/Utilitis/Src/arm_pid_init_f32.c.obj
 .debug_frame   0x00000dac       0xc8 CMakeFiles/ESTUFA_FINAMENTO.dir/Core/Utilitis/Src/delays.c.obj
 .debug_frame   0x00000e74       0x54 CMakeFiles/ESTUFA_FINAMENTO.dir/Core/Utilitis/Src/temperatura.c.obj
 .debug_frame   0x00000ec8      0x128 CMakeFiles/ESTUFA_FINAMENTO.dir/Core/Src/stm32l4xx_it.c.obj
 .debug_frame   0x00000ff0       0x38 CMakeFiles/ESTUFA_FINAMENTO.dir/Core/Src/stm32l4xx_hal_msp.c.obj
 .debug_frame   0x00001028      0x168 CMakeFiles/ESTUFA_FINAMENTO.dir/Drivers/STM32L4xx_HAL_Driver/Src/stm32l4xx_hal_crc.c.obj
 .debug_frame   0x00001190       0x88 CMakeFiles/ESTUFA_FINAMENTO.dir/Drivers/STM32L4xx_HAL_Driver/Src/stm32l4xx_hal_crc_ex.c.obj
 .debug_frame   0x00001218      0x498 CMakeFiles/ESTUFA_FINAMENTO.dir/Drivers/STM32L4xx_HAL_Driver/Src/stm32l4xx_hal.c.obj
 .debug_frame   0x000016b0      0x21c CMakeFiles/ESTUFA_FINAMENTO.dir/Drivers/STM32L4xx_HAL_Driver/Src/stm32l4xx_hal_rcc.c.obj
 .debug_frame   0x000018cc      0x2fc CMakeFiles/ESTUFA_FINAMENTO.dir/Drivers/STM32L4xx_HAL_Driver/Src/stm32l4xx_hal_rcc_ex.c.obj
 .debug_frame   0x00001bc8      0x14c CMakeFiles/ESTUFA_FINAMENTO.dir/Drivers/STM32L4xx_HAL_Driver/Src/stm32l4xx_hal_gpio.c.obj
 .debug_frame   0x00001d14      0xc38 CMakeFiles/ESTUFA_FINAMENTO.dir/Drivers/STM32L4xx_HAL_Driver/Src/stm32l4xx_hal_i2c.c.obj
 .debug_frame   0x0000294c      0x100 CMakeFiles/ESTUFA_FINAMENTO.dir/Drivers/STM32L4xx_HAL_Driver/Src/stm32l4xx_hal_i2c_ex.c.obj
 .debug_frame   0x00002a4c      0x544 CMakeFiles/ESTUFA_FINAMENTO.dir/Drivers/STM32L4xx_HAL_Driver/Src/stm32l4xx_hal_pwr_ex.c.obj
 .debug_frame   0x00002f90      0x4e8 CMakeFiles/ESTUFA_FINAMENTO.dir/Drivers/STM32L4xx_HAL_Driver/Src/stm32l4xx_hal_cortex.c.obj
 .debug_frame   0x00003478      0x3f4 CMakeFiles/ESTUFA_FINAMENTO.dir/Drivers/STM32L4xx_HAL_Driver/Src/stm32l4xx_hal_rtc.c.obj
 .debug_frame   0x0000386c     0x121c CMakeFiles/ESTUFA_FINAMENTO.dir/Drivers/STM32L4xx_HAL_Driver/Src/stm32l4xx_hal_tim.c.obj
 .debug_frame   0x00004a88      0x6b0 CMakeFiles/ESTUFA_FINAMENTO.dir/Drivers/STM32L4xx_HAL_Driver/Src/stm32l4xx_hal_tim_ex.c.obj
 .debug_frame   0x00005138       0x58 CMakeFiles/ESTUFA_FINAMENTO.dir/Core/Src/system_stm32l4xx.c.obj
 .debug_frame   0x00005190       0x34 CMakeFiles/ESTUFA_FINAMENTO.dir/Core/Src/sysmem.c.obj
 .debug_frame   0x000051c4       0xac C:/ST/STM32CubeCLT_1.16.0/GNU-tools-for-STM32/bin/../lib/gcc/arm-none-eabi/12.3.1/thumb/v7e-m+fp/hard\libgcc.a(_arm_addsubdf3.o)
 .debug_frame   0x00005270       0x50 C:/ST/STM32CubeCLT_1.16.0/GNU-tools-for-STM32/bin/../lib/gcc/arm-none-eabi/12.3.1/thumb/v7e-m+fp/hard\libgcc.a(_arm_muldivdf3.o)
 .debug_frame   0x000052c0       0xc4 C:/ST/STM32CubeCLT_1.16.0/GNU-tools-for-STM32/bin/../lib/gcc/arm-none-eabi/12.3.1/thumb/v7e-m+fp/hard\libgcc.a(_arm_cmpdf2.o)
 .debug_frame   0x00005384       0x24 C:/ST/STM32CubeCLT_1.16.0/GNU-tools-for-STM32/bin/../lib/gcc/arm-none-eabi/12.3.1/thumb/v7e-m+fp/hard\libgcc.a(_arm_fixunsdfsi.o)
 .debug_frame   0x000053a8       0x6c C:/ST/STM32CubeCLT_1.16.0/GNU-tools-for-STM32/bin/../lib/gcc/arm-none-eabi/12.3.1/../../../../arm-none-eabi/lib/thumb/v7e-m+fp/hard\libg_nano.a(libc_a-sprintf.o)
 .debug_frame   0x00005414       0x20 C:/ST/STM32CubeCLT_1.16.0/GNU-tools-for-STM32/bin/../lib/gcc/arm-none-eabi/12.3.1/../../../../arm-none-eabi/lib/thumb/v7e-m+fp/hard\libg_nano.a(libc_a-errno.o)
 .debug_frame   0x00005434       0x20 C:/ST/STM32CubeCLT_1.16.0/GNU-tools-for-STM32/bin/../lib/gcc/arm-none-eabi/12.3.1/../../../../arm-none-eabi/lib/thumb/v7e-m+fp/hard\libg_nano.a(libc_a-strcpy.o)
 .debug_frame   0x00005454       0x90 C:/ST/STM32CubeCLT_1.16.0/GNU-tools-for-STM32/bin/../lib/gcc/arm-none-eabi/12.3.1/../../../../arm-none-eabi/lib/thumb/v7e-m+fp/hard\libg_nano.a(libc_a-nano-svfprintf.o)
 .debug_frame   0x000054e4       0x60 C:/ST/STM32CubeCLT_1.16.0/GNU-tools-for-STM32/bin/../lib/gcc/arm-none-eabi/12.3.1/../../../../arm-none-eabi/lib/thumb/v7e-m+fp/hard\libg_nano.a(libc_a-nano-vfprintf_i.o)
 .debug_frame   0x00005544       0x28 C:/ST/STM32CubeCLT_1.16.0/GNU-tools-for-STM32/bin/../lib/gcc/arm-none-eabi/12.3.1/../../../../arm-none-eabi/lib/thumb/v7e-m+fp/hard\libg_nano.a(libc_a-memmove.o)
 .debug_frame   0x0000556c       0x28 C:/ST/STM32CubeCLT_1.16.0/GNU-tools-for-STM32/bin/../lib/gcc/arm-none-eabi/12.3.1/../../../../arm-none-eabi/lib/thumb/v7e-m+fp/hard\libg_nano.a(libc_a-memcpy-stub.o)
 .debug_frame   0x00005594       0x3c C:/ST/STM32CubeCLT_1.16.0/GNU-tools-for-STM32/bin/../lib/gcc/arm-none-eabi/12.3.1/../../../../arm-none-eabi/lib/thumb/v7e-m+fp/hard\libg_nano.a(libc_a-reallocr.o)
 .debug_frame   0x000055d0       0x20 C:/ST/STM32CubeCLT_1.16.0/GNU-tools-for-STM32/bin/../lib/gcc/arm-none-eabi/12.3.1/../../../../arm-none-eabi/lib/thumb/v7e-m+fp/hard\libg_nano.a(libc_a-msizer.o)

.debug_info     0x00000000    0x18a2b
 .debug_info    0x00000000     0x13a4 CMakeFiles/ESTUFA_FINAMENTO.dir/Core/Src/main.c.obj
 .debug_info    0x000013a4      0x6c4 CMakeFiles/ESTUFA_FINAMENTO.dir/Core/Src/gpio.c.obj
 .debug_info    0x00001a68      0x512 CMakeFiles/ESTUFA_FINAMENTO.dir/Core/Src/crc.c.obj
 .debug_info    0x00001f7a      0xcb0 CMakeFiles/ESTUFA_FINAMENTO.dir/Core/Src/i2c.c.obj
 .debug_info    0x00002c2a      0xc6c CMakeFiles/ESTUFA_FINAMENTO.dir/Core/Src/rtc.c.obj
 .debug_info    0x00003896      0xea2 CMakeFiles/ESTUFA_FINAMENTO.dir/Core/Src/tim.c.obj
 .debug_info    0x00004738      0x41e CMakeFiles/ESTUFA_FINAMENTO.dir/Core/DHT/Src/DHT.c.obj
 .debug_info    0x00004b56      0x628 CMakeFiles/ESTUFA_FINAMENTO.dir/Core/Menu/Src/menu.c.obj
 .debug_info    0x0000517e      0x255 CMakeFiles/ESTUFA_FINAMENTO.dir/Core/Ssd1306/Src/fonts.c.obj
 .debug_info    0x000053d3     0x1243 CMakeFiles/ESTUFA_FINAMENTO.dir/Core/Ssd1306/Src/ssd1306.c.obj
 .debug_info    0x00006616      0x18f CMakeFiles/ESTUFA_FINAMENTO.dir/Core/Utilitis/Src/arm_pid_init_f32.c.obj
 .debug_info    0x000067a5      0x84b CMakeFiles/ESTUFA_FINAMENTO.dir/Core/Utilitis/Src/delays.c.obj
 .debug_info    0x00006ff0      0x8b0 CMakeFiles/ESTUFA_FINAMENTO.dir/Core/Utilitis/Src/temperatura.c.obj
 .debug_info    0x000078a0      0x155 CMakeFiles/ESTUFA_FINAMENTO.dir/Core/Src/stm32l4xx_it.c.obj
 .debug_info    0x000079f5      0x2b9 CMakeFiles/ESTUFA_FINAMENTO.dir/Core/Src/stm32l4xx_hal_msp.c.obj
 .debug_info    0x00007cae      0x530 CMakeFiles/ESTUFA_FINAMENTO.dir/Drivers/STM32L4xx_HAL_Driver/Src/stm32l4xx_hal_crc.c.obj
 .debug_info    0x000081de      0x35b CMakeFiles/ESTUFA_FINAMENTO.dir/Drivers/STM32L4xx_HAL_Driver/Src/stm32l4xx_hal_crc_ex.c.obj
 .debug_info    0x00008539      0xaf1 CMakeFiles/ESTUFA_FINAMENTO.dir/Drivers/STM32L4xx_HAL_Driver/Src/stm32l4xx_hal.c.obj
 .debug_info    0x0000902a      0xc14 CMakeFiles/ESTUFA_FINAMENTO.dir/Drivers/STM32L4xx_HAL_Driver/Src/stm32l4xx_hal_rcc.c.obj
 .debug_info    0x00009c3e      0xe11 CMakeFiles/ESTUFA_FINAMENTO.dir/Drivers/STM32L4xx_HAL_Driver/Src/stm32l4xx_hal_rcc_ex.c.obj
 .debug_info    0x0000aa4f      0x757 CMakeFiles/ESTUFA_FINAMENTO.dir/Drivers/STM32L4xx_HAL_Driver/Src/stm32l4xx_hal_gpio.c.obj
 .debug_info    0x0000b1a6     0x20d2 CMakeFiles/ESTUFA_FINAMENTO.dir/Drivers/STM32L4xx_HAL_Driver/Src/stm32l4xx_hal_i2c.c.obj
 .debug_info    0x0000d278      0x975 CMakeFiles/ESTUFA_FINAMENTO.dir/Drivers/STM32L4xx_HAL_Driver/Src/stm32l4xx_hal_i2c_ex.c.obj
 .debug_info    0x0000dbed      0x97a CMakeFiles/ESTUFA_FINAMENTO.dir/Drivers/STM32L4xx_HAL_Driver/Src/stm32l4xx_hal_pwr_ex.c.obj
 .debug_info    0x0000e567      0xd87 CMakeFiles/ESTUFA_FINAMENTO.dir/Drivers/STM32L4xx_HAL_Driver/Src/stm32l4xx_hal_cortex.c.obj
 .debug_info    0x0000f2ee      0xd7d CMakeFiles/ESTUFA_FINAMENTO.dir/Drivers/STM32L4xx_HAL_Driver/Src/stm32l4xx_hal_rtc.c.obj
 .debug_info    0x0001006b     0x2a9a CMakeFiles/ESTUFA_FINAMENTO.dir/Drivers/STM32L4xx_HAL_Driver/Src/stm32l4xx_hal_tim.c.obj
 .debug_info    0x00012b05     0x169e CMakeFiles/ESTUFA_FINAMENTO.dir/Drivers/STM32L4xx_HAL_Driver/Src/stm32l4xx_hal_tim_ex.c.obj
 .debug_info    0x000141a3      0x5ce CMakeFiles/ESTUFA_FINAMENTO.dir/Core/Src/system_stm32l4xx.c.obj
 .debug_info    0x00014771       0xf4 CMakeFiles/ESTUFA_FINAMENTO.dir/Core/Src/sysmem.c.obj
 .debug_info    0x00014865       0x30 CMakeFiles/ESTUFA_FINAMENTO.dir/startup_stm32l486xx.s.obj
 .debug_info    0x00014895      0x87f C:/ST/STM32CubeCLT_1.16.0/GNU-tools-for-STM32/bin/../lib/gcc/arm-none-eabi/12.3.1/../../../../arm-none-eabi/lib/thumb/v7e-m+fp/hard\libg_nano.a(libc_a-sprintf.o)
 .debug_info    0x00015114      0x6fb C:/ST/STM32CubeCLT_1.16.0/GNU-tools-for-STM32/bin/../lib/gcc/arm-none-eabi/12.3.1/../../../../arm-none-eabi/lib/thumb/v7e-m+fp/hard\libg_nano.a(libc_a-errno.o)
 .debug_info    0x0001580f       0xc3 C:/ST/STM32CubeCLT_1.16.0/GNU-tools-for-STM32/bin/../lib/gcc/arm-none-eabi/12.3.1/../../../../arm-none-eabi/lib/thumb/v7e-m+fp/hard\libg_nano.a(libc_a-strcpy.o)
 .debug_info    0x000158d2     0x10c7 C:/ST/STM32CubeCLT_1.16.0/GNU-tools-for-STM32/bin/../lib/gcc/arm-none-eabi/12.3.1/../../../../arm-none-eabi/lib/thumb/v7e-m+fp/hard\libg_nano.a(libc_a-nano-svfprintf.o)
 .debug_info    0x00016999      0xde2 C:/ST/STM32CubeCLT_1.16.0/GNU-tools-for-STM32/bin/../lib/gcc/arm-none-eabi/12.3.1/../../../../arm-none-eabi/lib/thumb/v7e-m+fp/hard\libg_nano.a(libc_a-nano-vfprintf_i.o)
 .debug_info    0x0001777b      0x10f C:/ST/STM32CubeCLT_1.16.0/GNU-tools-for-STM32/bin/../lib/gcc/arm-none-eabi/12.3.1/../../../../arm-none-eabi/lib/thumb/v7e-m+fp/hard\libg_nano.a(libc_a-memmove.o)
 .debug_info    0x0001788a       0x25 C:/ST/STM32CubeCLT_1.16.0/GNU-tools-for-STM32/bin/../lib/gcc/arm-none-eabi/12.3.1/../../../../arm-none-eabi/lib/thumb/v7e-m+fp/hard\libg_nano.a(libc_a-memchr.o)
 .debug_info    0x000178af      0x121 C:/ST/STM32CubeCLT_1.16.0/GNU-tools-for-STM32/bin/../lib/gcc/arm-none-eabi/12.3.1/../../../../arm-none-eabi/lib/thumb/v7e-m+fp/hard\libg_nano.a(libc_a-memcpy-stub.o)
 .debug_info    0x000179d0      0x8c7 C:/ST/STM32CubeCLT_1.16.0/GNU-tools-for-STM32/bin/../lib/gcc/arm-none-eabi/12.3.1/../../../../arm-none-eabi/lib/thumb/v7e-m+fp/hard\libg_nano.a(libc_a-reallocr.o)
 .debug_info    0x00018297      0x794 C:/ST/STM32CubeCLT_1.16.0/GNU-tools-for-STM32/bin/../lib/gcc/arm-none-eabi/12.3.1/../../../../arm-none-eabi/lib/thumb/v7e-m+fp/hard\libg_nano.a(libc_a-msizer.o)

.debug_abbrev   0x00000000     0x4898
 .debug_abbrev  0x00000000      0x2ae CMakeFiles/ESTUFA_FINAMENTO.dir/Core/Src/main.c.obj
 .debug_abbrev  0x000002ae      0x15b CMakeFiles/ESTUFA_FINAMENTO.dir/Core/Src/gpio.c.obj
 .debug_abbrev  0x00000409      0x18b CMakeFiles/ESTUFA_FINAMENTO.dir/Core/Src/crc.c.obj
 .debug_abbrev  0x00000594      0x212 CMakeFiles/ESTUFA_FINAMENTO.dir/Core/Src/i2c.c.obj
 .debug_abbrev  0x000007a6      0x1c8 CMakeFiles/ESTUFA_FINAMENTO.dir/Core/Src/rtc.c.obj
 .debug_abbrev  0x0000096e      0x289 CMakeFiles/ESTUFA_FINAMENTO.dir/Core/Src/tim.c.obj
 .debug_abbrev  0x00000bf7      0x203 CMakeFiles/ESTUFA_FINAMENTO.dir/Core/DHT/Src/DHT.c.obj
 .debug_abbrev  0x00000dfa      0x231 CMakeFiles/ESTUFA_FINAMENTO.dir/Core/Menu/Src/menu.c.obj
 .debug_abbrev  0x0000102b      0x11c CMakeFiles/ESTUFA_FINAMENTO.dir/Core/Ssd1306/Src/fonts.c.obj
 .debug_abbrev  0x00001147      0x330 CMakeFiles/ESTUFA_FINAMENTO.dir/Core/Ssd1306/Src/ssd1306.c.obj
 .debug_abbrev  0x00001477       0xfb CMakeFiles/ESTUFA_FINAMENTO.dir/Core/Utilitis/Src/arm_pid_init_f32.c.obj
 .debug_abbrev  0x00001572      0x20a CMakeFiles/ESTUFA_FINAMENTO.dir/Core/Utilitis/Src/delays.c.obj
 .debug_abbrev  0x0000177c      0x1e3 CMakeFiles/ESTUFA_FINAMENTO.dir/Core/Utilitis/Src/temperatura.c.obj
 .debug_abbrev  0x0000195f       0xa0 CMakeFiles/ESTUFA_FINAMENTO.dir/Core/Src/stm32l4xx_it.c.obj
 .debug_abbrev  0x000019ff       0xc6 CMakeFiles/ESTUFA_FINAMENTO.dir/Core/Src/stm32l4xx_hal_msp.c.obj
 .debug_abbrev  0x00001ac5      0x1ee CMakeFiles/ESTUFA_FINAMENTO.dir/Drivers/STM32L4xx_HAL_Driver/Src/stm32l4xx_hal_crc.c.obj
 .debug_abbrev  0x00001cb3      0x151 CMakeFiles/ESTUFA_FINAMENTO.dir/Drivers/STM32L4xx_HAL_Driver/Src/stm32l4xx_hal_crc_ex.c.obj
 .debug_abbrev  0x00001e04      0x242 CMakeFiles/ESTUFA_FINAMENTO.dir/Drivers/STM32L4xx_HAL_Driver/Src/stm32l4xx_hal.c.obj
 .debug_abbrev  0x00002046      0x2cb CMakeFiles/ESTUFA_FINAMENTO.dir/Drivers/STM32L4xx_HAL_Driver/Src/stm32l4xx_hal_rcc.c.obj
 .debug_abbrev  0x00002311      0x2a6 CMakeFiles/ESTUFA_FINAMENTO.dir/Drivers/STM32L4xx_HAL_Driver/Src/stm32l4xx_hal_rcc_ex.c.obj
 .debug_abbrev  0x000025b7      0x1cb CMakeFiles/ESTUFA_FINAMENTO.dir/Drivers/STM32L4xx_HAL_Driver/Src/stm32l4xx_hal_gpio.c.obj
 .debug_abbrev  0x00002782      0x261 CMakeFiles/ESTUFA_FINAMENTO.dir/Drivers/STM32L4xx_HAL_Driver/Src/stm32l4xx_hal_i2c.c.obj
 .debug_abbrev  0x000029e3      0x1c3 CMakeFiles/ESTUFA_FINAMENTO.dir/Drivers/STM32L4xx_HAL_Driver/Src/stm32l4xx_hal_i2c_ex.c.obj
 .debug_abbrev  0x00002ba6      0x1f9 CMakeFiles/ESTUFA_FINAMENTO.dir/Drivers/STM32L4xx_HAL_Driver/Src/stm32l4xx_hal_pwr_ex.c.obj
 .debug_abbrev  0x00002d9f      0x31c CMakeFiles/ESTUFA_FINAMENTO.dir/Drivers/STM32L4xx_HAL_Driver/Src/stm32l4xx_hal_cortex.c.obj
 .debug_abbrev  0x000030bb      0x201 CMakeFiles/ESTUFA_FINAMENTO.dir/Drivers/STM32L4xx_HAL_Driver/Src/stm32l4xx_hal_rtc.c.obj
 .debug_abbrev  0x000032bc      0x278 CMakeFiles/ESTUFA_FINAMENTO.dir/Drivers/STM32L4xx_HAL_Driver/Src/stm32l4xx_hal_tim.c.obj
 .debug_abbrev  0x00003534      0x283 CMakeFiles/ESTUFA_FINAMENTO.dir/Drivers/STM32L4xx_HAL_Driver/Src/stm32l4xx_hal_tim_ex.c.obj
 .debug_abbrev  0x000037b7      0x13f CMakeFiles/ESTUFA_FINAMENTO.dir/Core/Src/system_stm32l4xx.c.obj
 .debug_abbrev  0x000038f6       0xaf CMakeFiles/ESTUFA_FINAMENTO.dir/Core/Src/sysmem.c.obj
 .debug_abbrev  0x000039a5       0x24 CMakeFiles/ESTUFA_FINAMENTO.dir/startup_stm32l486xx.s.obj
 .debug_abbrev  0x000039c9      0x21c C:/ST/STM32CubeCLT_1.16.0/GNU-tools-for-STM32/bin/../lib/gcc/arm-none-eabi/12.3.1/../../../../arm-none-eabi/lib/thumb/v7e-m+fp/hard\libg_nano.a(libc_a-sprintf.o)
 .debug_abbrev  0x00003be5      0x15e C:/ST/STM32CubeCLT_1.16.0/GNU-tools-for-STM32/bin/../lib/gcc/arm-none-eabi/12.3.1/../../../../arm-none-eabi/lib/thumb/v7e-m+fp/hard\libg_nano.a(libc_a-errno.o)
 .debug_abbrev  0x00003d43       0x7b C:/ST/STM32CubeCLT_1.16.0/GNU-tools-for-STM32/bin/../lib/gcc/arm-none-eabi/12.3.1/../../../../arm-none-eabi/lib/thumb/v7e-m+fp/hard\libg_nano.a(libc_a-strcpy.o)
 .debug_abbrev  0x00003dbe      0x31e C:/ST/STM32CubeCLT_1.16.0/GNU-tools-for-STM32/bin/../lib/gcc/arm-none-eabi/12.3.1/../../../../arm-none-eabi/lib/thumb/v7e-m+fp/hard\libg_nano.a(libc_a-nano-svfprintf.o)
 .debug_abbrev  0x000040dc      0x28e C:/ST/STM32CubeCLT_1.16.0/GNU-tools-for-STM32/bin/../lib/gcc/arm-none-eabi/12.3.1/../../../../arm-none-eabi/lib/thumb/v7e-m+fp/hard\libg_nano.a(libc_a-nano-vfprintf_i.o)
 .debug_abbrev  0x0000436a       0xac C:/ST/STM32CubeCLT_1.16.0/GNU-tools-for-STM32/bin/../lib/gcc/arm-none-eabi/12.3.1/../../../../arm-none-eabi/lib/thumb/v7e-m+fp/hard\libg_nano.a(libc_a-memmove.o)
 .debug_abbrev  0x00004416       0x14 C:/ST/STM32CubeCLT_1.16.0/GNU-tools-for-STM32/bin/../lib/gcc/arm-none-eabi/12.3.1/../../../../arm-none-eabi/lib/thumb/v7e-m+fp/hard\libg_nano.a(libc_a-memchr.o)
 .debug_abbrev  0x0000442a       0xc1 C:/ST/STM32CubeCLT_1.16.0/GNU-tools-for-STM32/bin/../lib/gcc/arm-none-eabi/12.3.1/../../../../arm-none-eabi/lib/thumb/v7e-m+fp/hard\libg_nano.a(libc_a-memcpy-stub.o)
 .debug_abbrev  0x000044eb      0x217 C:/ST/STM32CubeCLT_1.16.0/GNU-tools-for-STM32/bin/../lib/gcc/arm-none-eabi/12.3.1/../../../../arm-none-eabi/lib/thumb/v7e-m+fp/hard\libg_nano.a(libc_a-reallocr.o)
 .debug_abbrev  0x00004702      0x196 C:/ST/STM32CubeCLT_1.16.0/GNU-tools-for-STM32/bin/../lib/gcc/arm-none-eabi/12.3.1/../../../../arm-none-eabi/lib/thumb/v7e-m+fp/hard\libg_nano.a(libc_a-msizer.o)

.debug_aranges  0x00000000     0x14f0
 .debug_aranges
                0x00000000       0x30 CMakeFiles/ESTUFA_FINAMENTO.dir/Core/Src/main.c.obj
 .debug_aranges
                0x00000030       0x20 CMakeFiles/ESTUFA_FINAMENTO.dir/Core/Src/gpio.c.obj
 .debug_aranges
                0x00000050       0x30 CMakeFiles/ESTUFA_FINAMENTO.dir/Core/Src/crc.c.obj
 .debug_aranges
                0x00000080       0x30 CMakeFiles/ESTUFA_FINAMENTO.dir/Core/Src/i2c.c.obj
 .debug_aranges
                0x000000b0       0x38 CMakeFiles/ESTUFA_FINAMENTO.dir/Core/Src/rtc.c.obj
 .debug_aranges
                0x000000e8       0x58 CMakeFiles/ESTUFA_FINAMENTO.dir/Core/Src/tim.c.obj
 .debug_aranges
                0x00000140       0x40 CMakeFiles/ESTUFA_FINAMENTO.dir/Core/DHT/Src/DHT.c.obj
 .debug_aranges
                0x00000180       0x40 CMakeFiles/ESTUFA_FINAMENTO.dir/Core/Menu/Src/menu.c.obj
 .debug_aranges
                0x000001c0       0x20 CMakeFiles/ESTUFA_FINAMENTO.dir/Core/Ssd1306/Src/fonts.c.obj
 .debug_aranges
                0x000001e0      0x120 CMakeFiles/ESTUFA_FINAMENTO.dir/Core/Ssd1306/Src/ssd1306.c.obj
 .debug_aranges
                0x00000300       0x20 CMakeFiles/ESTUFA_FINAMENTO.dir/Core/Utilitis/Src/arm_pid_init_f32.c.obj
 .debug_aranges
                0x00000320       0x40 CMakeFiles/ESTUFA_FINAMENTO.dir/Core/Utilitis/Src/delays.c.obj
 .debug_aranges
                0x00000360       0x28 CMakeFiles/ESTUFA_FINAMENTO.dir/Core/Utilitis/Src/temperatura.c.obj
 .debug_aranges
                0x00000388       0x68 CMakeFiles/ESTUFA_FINAMENTO.dir/Core/Src/stm32l4xx_it.c.obj
 .debug_aranges
                0x000003f0       0x20 CMakeFiles/ESTUFA_FINAMENTO.dir/Core/Src/stm32l4xx_hal_msp.c.obj
 .debug_aranges
                0x00000410       0x60 CMakeFiles/ESTUFA_FINAMENTO.dir/Drivers/STM32L4xx_HAL_Driver/Src/stm32l4xx_hal_crc.c.obj
 .debug_aranges
                0x00000470       0x30 CMakeFiles/ESTUFA_FINAMENTO.dir/Drivers/STM32L4xx_HAL_Driver/Src/stm32l4xx_hal_crc_ex.c.obj
 .debug_aranges
                0x000004a0      0x130 CMakeFiles/ESTUFA_FINAMENTO.dir/Drivers/STM32L4xx_HAL_Driver/Src/stm32l4xx_hal.c.obj
 .debug_aranges
                0x000005d0       0x90 CMakeFiles/ESTUFA_FINAMENTO.dir/Drivers/STM32L4xx_HAL_Driver/Src/stm32l4xx_hal_rcc.c.obj
 .debug_aranges
                0x00000660       0xc0 CMakeFiles/ESTUFA_FINAMENTO.dir/Drivers/STM32L4xx_HAL_Driver/Src/stm32l4xx_hal_rcc_ex.c.obj
 .debug_aranges
                0x00000720       0x58 CMakeFiles/ESTUFA_FINAMENTO.dir/Drivers/STM32L4xx_HAL_Driver/Src/stm32l4xx_hal_gpio.c.obj
 .debug_aranges
                0x00000778      0x2a0 CMakeFiles/ESTUFA_FINAMENTO.dir/Drivers/STM32L4xx_HAL_Driver/Src/stm32l4xx_hal_i2c.c.obj
 .debug_aranges
                0x00000a18       0x48 CMakeFiles/ESTUFA_FINAMENTO.dir/Drivers/STM32L4xx_HAL_Driver/Src/stm32l4xx_hal_i2c_ex.c.obj
 .debug_aranges
                0x00000a60      0x150 CMakeFiles/ESTUFA_FINAMENTO.dir/Drivers/STM32L4xx_HAL_Driver/Src/stm32l4xx_hal_pwr_ex.c.obj
 .debug_aranges
                0x00000bb0      0x128 CMakeFiles/ESTUFA_FINAMENTO.dir/Drivers/STM32L4xx_HAL_Driver/Src/stm32l4xx_hal_cortex.c.obj
 .debug_aranges
                0x00000cd8       0xe8 CMakeFiles/ESTUFA_FINAMENTO.dir/Drivers/STM32L4xx_HAL_Driver/Src/stm32l4xx_hal_rtc.c.obj
 .debug_aranges
                0x00000dc0      0x3e0 CMakeFiles/ESTUFA_FINAMENTO.dir/Drivers/STM32L4xx_HAL_Driver/Src/stm32l4xx_hal_tim.c.obj
 .debug_aranges